[    0.000000] Linux version 4.15.0-124-generic (buildd@lgw01-amd64-029) (gcc version 7.5.0 (Ubuntu 7.5.0-3ubuntu1~18.04)) #127-Ubuntu SMP Fri Nov 6 10:54:43 UTC 2020 (Ubuntu 4.15.0-124.127-generic 4.15.18)
[    0.000000] Command line: BOOT_IMAGE=/boot/vmlinuz-4.15.0-124-generic root=LABEL=cloudimg-rootfs ro console=tty1 console=ttyS0
[    0.000000] KERNEL supported cpus:
[    0.000000]   Intel GenuineIntel
[    0.000000]   AMD AuthenticAMD
[    0.000000]   Centaur CentaurHauls
[    0.000000] x86/fpu: Supporting XSAVE feature 0x001: 'x87 floating point registers'
[    0.000000] x86/fpu: Supporting XSAVE feature 0x002: 'SSE registers'
[    0.000000] x86/fpu: Supporting XSAVE feature 0x004: 'AVX registers'
[    0.000000] x86/fpu: xstate_offset[2]:  576, xstate_sizes[2]:  256
[    0.000000] x86/fpu: Enabled xstate features 0x7, context size is 832 bytes, using 'standard' format.
[    0.000000] e820: BIOS-provided physical RAM map:
[    0.000000] BIOS-e820: [mem 0x0000000000000000-0x000000000009fbff] usable
[    0.000000] BIOS-e820: [mem 0x000000000009fc00-0x000000000009ffff] reserved
[    0.000000] BIOS-e820: [mem 0x00000000000f0000-0x00000000000fffff] reserved
[    0.000000] BIOS-e820: [mem 0x0000000000100000-0x00000000dffeffff] usable
[    0.000000] BIOS-e820: [mem 0x00000000dfff0000-0x00000000dfffffff] ACPI data
[    0.000000] BIOS-e820: [mem 0x00000000fec00000-0x00000000fec00fff] reserved
[    0.000000] BIOS-e820: [mem 0x00000000fee00000-0x00000000fee00fff] reserved
[    0.000000] BIOS-e820: [mem 0x00000000fffc0000-0x00000000ffffffff] reserved
[    0.000000] BIOS-e820: [mem 0x0000000100000000-0x000000011fffffff] usable
[    0.000000] NX (Execute Disable) protection: active
[    0.000000] SMBIOS 2.5 present.
[    0.000000] DMI: innotek GmbH VirtualBox/VirtualBox, BIOS VirtualBox 12/01/2006
[    0.000000] Hypervisor detected: KVM
[    0.000000] e820: last_pfn = 0x120000 max_arch_pfn = 0x400000000
[    0.000000] MTRR: Disabled
[    0.000000] x86/PAT: MTRRs disabled, skipping PAT initialization too.
[    0.000000] CPU MTRRs all blank - virtualized system.
[    0.000000] x86/PAT: Configuration [0-7]: WB  WT  UC- UC  WB  WT  UC- UC  
[    0.000000] e820: last_pfn = 0xdfff0 max_arch_pfn = 0x400000000
[    0.000000] found SMP MP-table at [mem 0x0009fff0-0x0009ffff]
[    0.000000] Scanning 1 areas for low memory corruption
[    0.000000] RAMDISK: [mem 0x35a67000-0x36d2afff]
[    0.000000] ACPI: Early table checksum verification disabled
[    0.000000] ACPI: RSDP 0x00000000000E0000 000024 (v02 VBOX  )
[    0.000000] ACPI: XSDT 0x00000000DFFF0030 00003C (v01 VBOX   VBOXXSDT 00000001 ASL  00000061)
[    0.000000] ACPI: FACP 0x00000000DFFF00F0 0000F4 (v04 VBOX   VBOXFACP 00000001 ASL  00000061)
[    0.000000] ACPI: DSDT 0x00000000DFFF0470 002325 (v02 VBOX   VBOXBIOS 00000002 INTL 20120111)
[    0.000000] ACPI: FACS 0x00000000DFFF0200 000040
[    0.000000] ACPI: FACS 0x00000000DFFF0200 000040
[    0.000000] ACPI: APIC 0x00000000DFFF0240 00005C (v02 VBOX   VBOXAPIC 00000001 ASL  00000061)
[    0.000000] ACPI: SSDT 0x00000000DFFF02A0 0001CC (v01 VBOX   VBOXCPUT 00000002 INTL 20120111)
[    0.000000] No NUMA configuration found
[    0.000000] Faking a node at [mem 0x0000000000000000-0x000000011fffffff]
[    0.000000] NODE_DATA(0) allocated [mem 0x11ffd1000-0x11fffbfff]
[    0.000000] kvm-clock: cpu 0, msr 1:1ff50001, primary cpu clock
[    0.000000] kvm-clock: Using msrs 4b564d01 and 4b564d00
[    0.000000] kvm-clock: using sched offset of 3832351855 cycles
[    0.000000] clocksource: kvm-clock: mask: 0xffffffffffffffff max_cycles: 0x1cd42e4dffb, max_idle_ns: 881590591483 ns
[    0.000000] Zone ranges:
[    0.000000]   DMA      [mem 0x0000000000001000-0x0000000000ffffff]
[    0.000000]   DMA32    [mem 0x0000000001000000-0x00000000ffffffff]
[    0.000000]   Normal   [mem 0x0000000100000000-0x000000011fffffff]
[    0.000000]   Device   empty
[    0.000000] Movable zone start for each node
[    0.000000] Early memory node ranges
[    0.000000]   node   0: [mem 0x0000000000001000-0x000000000009efff]
[    0.000000]   node   0: [mem 0x0000000000100000-0x00000000dffeffff]
[    0.000000]   node   0: [mem 0x0000000100000000-0x000000011fffffff]
[    0.000000] Reserved but unavailable: 98 pages
[    0.000000] Initmem setup node 0 [mem 0x0000000000001000-0x000000011fffffff]
[    0.000000] ACPI: PM-Timer IO Port: 0x4008
[    0.000000] IOAPIC[0]: apic_id 2, version 32, address 0xfec00000, GSI 0-23
[    0.000000] ACPI: INT_SRC_OVR (bus 0 bus_irq 0 global_irq 2 dfl dfl)
[    0.000000] ACPI: INT_SRC_OVR (bus 0 bus_irq 9 global_irq 9 low level)
[    0.000000] Using ACPI (MADT) for SMP configuration information
[    0.000000] smpboot: Allowing 2 CPUs, 0 hotplug CPUs
[    0.000000] PM: Registered nosave memory: [mem 0x00000000-0x00000fff]
[    0.000000] PM: Registered nosave memory: [mem 0x0009f000-0x0009ffff]
[    0.000000] PM: Registered nosave memory: [mem 0x000a0000-0x000effff]
[    0.000000] PM: Registered nosave memory: [mem 0x000f0000-0x000fffff]
[    0.000000] PM: Registered nosave memory: [mem 0xdfff0000-0xdfffffff]
[    0.000000] PM: Registered nosave memory: [mem 0xe0000000-0xfebfffff]
[    0.000000] PM: Registered nosave memory: [mem 0xfec00000-0xfec00fff]
[    0.000000] PM: Registered nosave memory: [mem 0xfec01000-0xfedfffff]
[    0.000000] PM: Registered nosave memory: [mem 0xfee00000-0xfee00fff]
[    0.000000] PM: Registered nosave memory: [mem 0xfee01000-0xfffbffff]
[    0.000000] PM: Registered nosave memory: [mem 0xfffc0000-0xffffffff]
[    0.000000] e820: [mem 0xe0000000-0xfebfffff] available for PCI devices
[    0.000000] Booting paravirtualized kernel on KVM
[    0.000000] clocksource: refined-jiffies: mask: 0xffffffff max_cycles: 0xffffffff, max_idle_ns: 7645519600211568 ns
[    0.000000] random: get_random_bytes called from start_kernel+0x99/0x500 with crng_init=0
[    0.000000] setup_percpu: NR_CPUS:8192 nr_cpumask_bits:2 nr_cpu_ids:2 nr_node_ids:1
[    0.000000] percpu: Embedded 45 pages/cpu s147456 r8192 d28672 u1048576
[    0.000000] PV qspinlock hash table entries: 256 (order: 0, 4096 bytes)
[    0.000000] Built 1 zonelists, mobility grouping on.  Total pages: 1032057
[    0.000000] Policy zone: Normal
[    0.000000] Kernel command line: BOOT_IMAGE=/boot/vmlinuz-4.15.0-124-generic root=LABEL=cloudimg-rootfs ro console=tty1 console=ttyS0
[    0.000000] Memory: 4013640K/4193848K available (12300K kernel code, 2482K rwdata, 4272K rodata, 2436K init, 2724K bss, 180208K reserved, 0K cma-reserved)
[    0.000000] SLUB: HWalign=64, Order=0-3, MinObjects=0, CPUs=2, Nodes=1
[    0.000000] Kernel/User page tables isolation: enabled
[    0.000000] ftrace: allocating 39402 entries in 154 pages
[    0.004000] Hierarchical RCU implementation.
[    0.004000] 	RCU restricting CPUs from NR_CPUS=8192 to nr_cpu_ids=2.
[    0.004000] 	Tasks RCU enabled.
[    0.004000] RCU: Adjusting geometry for rcu_fanout_leaf=16, nr_cpu_ids=2
[    0.004000] NR_IRQS: 524544, nr_irqs: 440, preallocated irqs: 16
[    0.004000] Console: colour VGA+ 80x25
[    0.004000] console [tty1] enabled
[    0.004000] console [ttyS0] enabled
[    0.004000] ACPI: Core revision 20170831
[    0.004000] ACPI: 2 ACPI AML tables successfully acquired and loaded
[    0.004000] APIC: Switch to symmetric I/O mode setup
[    0.004000] x2apic enabled
[    0.004000] Switched APIC routing to physical x2apic.
[    0.004000] ..TIMER: vector=0x30 apic1=0 pin1=2 apic2=-1 pin2=-1
[    0.004004] tsc: Detected 2904.000 MHz processor
[    0.004951] Calibrating delay loop (skipped) preset value.. 5808.00 BogoMIPS (lpj=11616000)
[    0.008005] pid_max: default: 32768 minimum: 301
[    0.009017] Security Framework initialized
[    0.009879] Yama: becoming mindful.
[    0.012027] AppArmor: AppArmor initialized
[    0.015430] Dentry cache hash table entries: 524288 (order: 10, 4194304 bytes)
[    0.017455] Inode-cache hash table entries: 262144 (order: 9, 2097152 bytes)
[    0.020034] Mount-cache hash table entries: 8192 (order: 4, 65536 bytes)
[    0.021482] Mountpoint-cache hash table entries: 8192 (order: 4, 65536 bytes)
[    0.024246] Last level iTLB entries: 4KB 64, 2MB 8, 4MB 8
[    0.025342] Last level dTLB entries: 4KB 64, 2MB 0, 4MB 0, 1GB 4
[    0.026820] Spectre V1 : Mitigation: usercopy/swapgs barriers and __user pointer sanitization
[    0.028006] Spectre V2 : Mitigation: Full generic retpoline
[    0.029208] Spectre V2 : Spectre v2 / SpectreRSB mitigation: Filling RSB on context switch
[    0.032005] Speculative Store Bypass: Vulnerable
[    0.033398] SRBDS: Unknown: Dependent on hypervisor status
[    0.034593] MDS: Mitigation: Clear CPU buffers
[    0.036146] Freeing SMP alternatives memory: 36K
[    0.146660] smpboot: CPU0: Intel(R) Core(TM) i7-7820HQ CPU @ 2.90GHz (family: 0x6, model: 0x9e, stepping: 0x9)
[    0.148000] Performance Events: unsupported p6 CPU model 158 no PMU driver, software events only.
[    0.148059] Hierarchical SRCU implementation.
[    0.150023] NMI watchdog: Perf event create on CPU 0 failed with -2
[    0.152002] NMI watchdog: Perf NMI watchdog permanently disabled
[    0.153369] smp: Bringing up secondary CPUs ...
[    0.157279] x86: Booting SMP configuration:
[    0.158685] .... node  #0, CPUs:      #1
[    0.004000] kvm-clock: cpu 1, msr 1:1ff50041, secondary cpu clock
[    0.163648] smp: Brought up 1 node, 2 CPUs
[    0.164006] smpboot: Max logical packages: 1
[    0.165248] smpboot: Total of 2 processors activated (11616.00 BogoMIPS)
[    0.168045] devtmpfs: initialized
[    0.168771] x86/mm: Memory block size: 128MB
[    0.169927] evm: security.selinux
[    0.170641] evm: security.SMACK64
[    0.172003] evm: security.SMACK64EXEC
[    0.172771] evm: security.SMACK64TRANSMUTE
[    0.173617] evm: security.SMACK64MMAP
[    0.174386] evm: security.apparmor
[    0.175147] evm: security.ima
[    0.176004] evm: security.capability
[    0.177400] clocksource: jiffies: mask: 0xffffffff max_cycles: 0xffffffff, max_idle_ns: 7645041785100000 ns
[    0.180017] futex hash table entries: 512 (order: 3, 32768 bytes)
[    0.181270] pinctrl core: initialized pinctrl subsystem
[    0.182396] RTC time:  2:56:44, date: 01/04/21
[    0.184116] NET: Registered protocol family 16
[    0.185364] audit: initializing netlink subsys (disabled)
[    0.187146] audit: type=2000 audit(1609729009.279:1): state=initialized audit_enabled=0 res=1
[    0.188011] cpuidle: using governor ladder
[    0.189298] cpuidle: using governor menu
[    0.190453] ACPI: bus type PCI registered
[    0.192004] acpiphp: ACPI Hot Plug PCI Controller Driver version: 0.5
[    0.193408] PCI: Using configuration type 1 for base access
[    0.196338] HugeTLB registered 2.00 MiB page size, pre-allocated 0 pages
[    0.197434] ACPI: Added _OSI(Module Device)
[    0.197434] ACPI: Added _OSI(Processor Device)
[    0.200009] ACPI: Added _OSI(3.0 _SCP Extensions)
[    0.200975] ACPI: Added _OSI(Processor Aggregator Device)
[    0.202093] ACPI: Added _OSI(Linux-Dell-Video)
[    0.203015] ACPI: Added _OSI(Linux-Lenovo-NV-HDMI-Audio)
[    0.204010] ACPI: Added _OSI(Linux-HPI-Hybrid-Graphics)
[    0.205497] ACPI: Executed 1 blocks of module-level executable AML code
[    0.210836] ACPI: Interpreter enabled
[    0.212011] ACPI: (supports S0 S5)
[    0.212906] ACPI: Using IOAPIC for interrupt routing
[    0.214100] PCI: Using host bridge windows from ACPI; if necessary, use "pci=nocrs" and report a bug
[    0.216230] ACPI: Enabled 2 GPEs in block 00 to 07
[    0.226448] ACPI: PCI Root Bridge [PCI0] (domain 0000 [bus 00-ff])
[    0.228015] acpi PNP0A03:00: _OSC: OS supports [ASPM ClockPM Segments MSI]
[    0.229942] acpi PNP0A03:00: _OSC: not requesting OS control; OS requires [ExtendedConfig ASPM ClockPM MSI]
[    0.232012] acpi PNP0A03:00: fail to add MMCONFIG information, can't access extended PCI configuration space under this bridge.
[    0.236461] PCI host bridge to bus 0000:00
[    0.237450] pci_bus 0000:00: root bus resource [io  0x0000-0x0cf7 window]
[    0.238799] pci_bus 0000:00: root bus resource [io  0x0d00-0xffff window]
[    0.240005] pci_bus 0000:00: root bus resource [mem 0x000a0000-0x000bffff window]
[    0.241838] pci_bus 0000:00: root bus resource [mem 0xe0000000-0xfdffffff window]
[    0.244004] pci_bus 0000:00: root bus resource [bus 00-ff]
[    0.249103] pci 0000:00:01.1: legacy IDE quirk: reg 0x10: [io  0x01f0-0x01f7]
[    0.250683] pci 0000:00:01.1: legacy IDE quirk: reg 0x14: [io  0x03f6]
[    0.252004] pci 0000:00:01.1: legacy IDE quirk: reg 0x18: [io  0x0170-0x0177]
[    0.253419] pci 0000:00:01.1: legacy IDE quirk: reg 0x1c: [io  0x0376]
[    0.300265] pci 0000:00:07.0: quirk: [io  0x4000-0x403f] claimed by PIIX4 ACPI
[    0.302499] pci 0000:00:07.0: quirk: [io  0x4100-0x410f] claimed by PIIX4 SMB
[    0.332616] ACPI: PCI Interrupt Link [LNKA] (IRQs 5 9 10 *11)
[    0.334484] ACPI: PCI Interrupt Link [LNKB] (IRQs 5 9 *10 11)
[    0.335890] ACPI: PCI Interrupt Link [LNKC] (IRQs 5 *9 10 11)
[    0.336153] ACPI: PCI Interrupt Link [LNKD] (IRQs 5 9 10 *11)
[    0.338299] SCSI subsystem initialized
[    0.340088] pci 0000:00:02.0: vgaarb: setting as boot VGA device
[    0.341505] pci 0000:00:02.0: vgaarb: VGA device added: decodes=io+mem,owns=io+mem,locks=none
[    0.344006] pci 0000:00:02.0: vgaarb: bridge control possible
[    0.345233] vgaarb: loaded
[    0.345947] ACPI: bus type USB registered
[    0.348038] usbcore: registered new interface driver usbfs
[    0.349228] usbcore: registered new interface driver hub
[    0.350420] usbcore: registered new device driver usb
[    0.351710] EDAC MC: Ver: 3.0.0
[    0.352321] PCI: Using ACPI for IRQ routing
[    0.353425] NetLabel: Initializing
[    0.354473] NetLabel:  domain hash size = 128
[    0.356003] NetLabel:  protocols = UNLABELED CIPSOv4 CALIPSO
[    0.357662] NetLabel:  unlabeled traffic allowed by default
[    0.360170] clocksource: Switched to clocksource kvm-clock
[    0.375024] VFS: Disk quotas dquot_6.6.0
[    0.376319] VFS: Dquot-cache hash table entries: 512 (order 0, 4096 bytes)
[    0.378962] AppArmor: AppArmor Filesystem Enabled
[    0.380078] pnp: PnP ACPI init
[    0.382858] pnp: PnP ACPI: found 3 devices
[    0.395308] clocksource: acpi_pm: mask: 0xffffff max_cycles: 0xffffff, max_idle_ns: 2085701024 ns
[    0.397810] NET: Registered protocol family 2
[    0.398974] TCP established hash table entries: 32768 (order: 6, 262144 bytes)
[    0.400994] TCP bind hash table entries: 32768 (order: 7, 524288 bytes)
[    0.402586] TCP: Hash tables configured (established 32768 bind 32768)
[    0.403941] UDP hash table entries: 2048 (order: 4, 65536 bytes)
[    0.406005] UDP-Lite hash table entries: 2048 (order: 4, 65536 bytes)
[    0.408138] NET: Registered protocol family 1
[    0.409498] pci 0000:00:00.0: Limiting direct PCI/PCI transfers
[    0.411018] pci 0000:00:01.0: Activating ISA DMA hang workarounds
[    0.412535] pci 0000:00:02.0: Video device with shadowed ROM at [mem 0x000c0000-0x000dffff]
[    0.414475] Unpacking initramfs...
[    0.701534] Freeing initrd memory: 19216K
[    0.702715] PCI-DMA: Using software bounce buffering for IO (SWIOTLB)
[    0.704100] software IO TLB: mapped [mem 0xdbff0000-0xdfff0000] (64MB)
[    0.705462] clocksource: tsc: mask: 0xffffffffffffffff max_cycles: 0x29dc05e54fc, max_idle_ns: 440795291716 ns
[    0.708778] platform rtc_cmos: registered platform RTC device (no PNP device found)
[    0.710352] Scanning for low memory corruption every 60 seconds
[    0.712638] Initialise system trusted keyrings
[    0.713586] Key type blacklist registered
[    0.714733] workingset: timestamp_bits=36 max_order=20 bucket_order=0
[    0.718110] zbud: loaded
[    0.719251] squashfs: version 4.0 (2009/01/31) Phillip Lougher
[    0.720900] fuse init (API version 7.26)
[    0.724086] Key type asymmetric registered
[    0.724947] Asymmetric key parser 'x509' registered
[    0.726093] Block layer SCSI generic (bsg) driver version 0.4 loaded (major 246)
[    0.728484] io scheduler noop registered
[    0.729748] io scheduler deadline registered
[    0.730785] io scheduler cfq registered (default)
[    0.732302] ACPI: AC Adapter [AC] (on-line)
[    0.733222] input: Power Button as /devices/LNXSYSTM:00/LNXPWRBN:00/input/input0
[    0.734780] ACPI: Power Button [PWRF]
[    0.735913] input: Sleep Button as /devices/LNXSYSTM:00/LNXSLPBN:00/input/input1
[    0.737863] ACPI: Sleep Button [SLPF]
[    0.740116] ACPI: Battery Slot [BAT0] (battery present)
[    0.740275] Serial: 8250/16550 driver, 32 ports, IRQ sharing enabled
[    0.763338] 00:02: ttyS0 at I/O 0x3f8 (irq = 4, base_baud = 115200) is a 16550A
[    0.767283] Linux agpgart interface v0.103
[    0.770918] loop: module loaded
[    0.772318] scsi host0: ata_piix
[    0.773503] scsi host1: ata_piix
[    0.774238] ata1: PATA max UDMA/33 cmd 0x1f0 ctl 0x3f6 bmdma 0xd000 irq 14
[    0.775995] ata2: PATA max UDMA/33 cmd 0x170 ctl 0x376 bmdma 0xd008 irq 15
[    0.778177] libphy: Fixed MDIO Bus: probed
[    0.779177] tun: Universal TUN/TAP device driver, 1.6
[    0.780442] PPP generic driver version 2.4.2
[    0.781761] ehci_hcd: USB 2.0 'Enhanced' Host Controller (EHCI) Driver
[    0.783081] ehci-pci: EHCI PCI platform driver
[    0.784019] ehci-platform: EHCI generic platform driver
[    0.785131] ohci_hcd: USB 1.1 'Open' Host Controller (OHCI) Driver
[    0.786457] ohci-pci: OHCI PCI platform driver
[    0.788085] ohci-platform: OHCI generic platform driver
[    0.789797] uhci_hcd: USB Universal Host Controller Interface driver
[    0.792177] i8042: PNP: PS/2 Controller [PNP0303:PS2K,PNP0f03:PS2M] at 0x60,0x64 irq 1,12
[    0.795532] serio: i8042 KBD port at 0x60,0x64 irq 1
[    0.796953] serio: i8042 AUX port at 0x60,0x64 irq 12
[    0.798615] mousedev: PS/2 mouse device common for all mice
[    0.800497] input: AT Translated Set 2 keyboard as /devices/platform/i8042/serio0/input/input2
[    0.802609] rtc_cmos rtc_cmos: rtc core: registered rtc_cmos as rtc0
[    0.803935] rtc_cmos rtc_cmos: alarms up to one day, 114 bytes nvram
[    0.805286] i2c /dev entries driver
[    0.806112] device-mapper: uevent: version 1.0.3
[    0.807340] device-mapper: ioctl: 4.37.0-ioctl (2017-09-20) initialised: dm-devel@redhat.com
[    0.809630] ledtrig-cpu: registered to indicate activity on CPUs
[    0.811738] NET: Registered protocol family 10
[    0.816538] Segment Routing with IPv6
[    0.817699] NET: Registered protocol family 17
[    0.818858] Key type dns_resolver registered
[    0.819922] mce: Using 0 MCE banks
[    0.821150] RAS: Correctable Errors collector initialized.
[    0.822707] sched_clock: Marking stable (821108181, 0)->(1093391233, -272283052)
[    0.824720] registered taskstats version 1
[    0.825744] Loading compiled-in X.509 certificates
[    0.829787] Loaded X.509 cert 'Build time autogenerated kernel key: be62403dcace2d46f96dafa9f42421c610ef3c2a'
[    0.831938] zswap: loaded using pool lzo/zbud
[    0.836345] Key type big_key registered
[    0.837501] Key type trusted registered
[    0.839878] Key type encrypted registered
[    0.841027] AppArmor: AppArmor sha1 policy hashing enabled
[    0.842495] ima: No TPM chip found, activating TPM-bypass! (rc=-19)
[    0.843831] ima: Allocated hash algorithm: sha1
[    0.845085] evm: HMAC attrs: 0x1
[    0.846223]   Magic number: 5:368:914
[    0.847279] rtc_cmos rtc_cmos: setting system clock to 2021-01-04 02:56:44 UTC (1609729004)
[    0.849185] BIOS EDD facility v0.16 2004-Jun-25, 0 devices found
[    0.850613] EDD information not available.
[    1.180285] Freeing unused kernel image memory: 2436K
[    1.192600] Write protecting the kernel read-only data: 20480k
[    1.195069] Freeing unused kernel image memory: 2008K
[    1.196739] Freeing unused kernel image memory: 1872K
[    1.204113] x86/mm: Checked W+X mappings: passed, no W+X pages found.
[    1.205845] x86/mm: Checking user space page tables
[    1.213047] x86/mm: Checked W+X mappings: passed, no W+X pages found.
Loading, please wait...
starting version 237
[    1.283988] Fusion MPT base driver 3.04.20
[    1.285355] Copyright (c) 1999-2008 LSI Corporation
[    1.312495] e1000: Intel(R) PRO/1000 Network Driver - version 7.3.21-k8-NAPI
[    1.315029] e1000: Copyright (c) 1999-2006 Intel Corporation.
[    1.321652] AVX2 version of gcm_enc/dec engaged.
[    1.321834] Fusion MPT SPI Host driver 3.04.20
[    1.323221] AES CTR mode by8 optimization enabled
[    1.331157] mptbase: ioc0: Initiating bringup
[    1.550959] input: ImExPS/2 Generic Explorer Mouse as /devices/platform/i8042/serio1/input/input4
[    1.564845] ioc0: LSI53C1030 A0: Capabilities={Initiator}
[    5.716433] scsi host2: ioc0: LSI53C1030 A0, FwRev=00000000h, Ports=1, MaxQ=256, IRQ=20
[    7.795750] scsi 2:0:0:0: Direct-Access     VBOX     HARDDISK         1.0  PQ: 0 ANSI: 5
[    7.889242] scsi target2:0:0: Beginning Domain Validation
[    7.942695] scsi target2:0:0: Domain Validation skipping write tests
[    7.944408] scsi target2:0:0: Ending Domain Validation
[    7.945814] scsi target2:0:0: asynchronous
[    7.964296] scsi 2:0:1:0: Direct-Access     VBOX     HARDDISK         1.0  PQ: 0 ANSI: 5
[    8.240298] scsi target2:0:1: Beginning Domain Validation
[    8.244809] random: fast init done
[    8.246392] scsi target2:0:1: Domain Validation skipping write tests
[    8.248658] scsi target2:0:1: Ending Domain Validation
[    8.250350] scsi target2:0:1: asynchronous
[    8.255956] random: systemd-udevd: uninitialized urandom read (16 bytes read)
[    8.255960] sd 2:0:0:0: Attached scsi generic sg0 type 0
[    8.258449] random: systemd-udevd: uninitialized urandom read (16 bytes read)
[    8.259756] sd 2:0:1:0: Attached scsi generic sg1 type 0
[    8.261175] random: systemd-udevd: uninitialized urandom read (16 bytes read)
[    8.269735] sd 2:0:0:0: [sda] 20971520 512-byte logical blocks: (10.7 GB/10.0 GiB)
[    8.271984] sd 2:0:0:0: [sda] Write Protect is off
[    8.274889] sd 2:0:1:0: [sdb] 20480 512-byte logical blocks: (10.5 MB/10.0 MiB)
[    8.280132] sd 2:0:0:0: [sda] Incomplete mode parameter data
[    8.281701] sd 2:0:0:0: [sda] Assuming drive cache: write through
[    8.283089] sd 2:0:1:0: [sdb] Write Protect is off
[    8.284349] e1000 0000:00:03.0 eth0: (PCI:33MHz:32-bit) 02:60:71:1d:34:36
[    8.285760] e1000 0000:00:03.0 eth0: Intel(R) PRO/1000 Network Connection
[    8.285789] sd 2:0:1:0: [sdb] Incomplete mode parameter data
[    8.289163] sd 2:0:1:0: [sdb] Assuming drive cache: write through
[    8.289204]  sda: sda1
[    8.291950] sd 2:0:0:0: [sda] Attached SCSI disk
[    8.294205] sd 2:0:1:0: [sdb] Attached SCSI disk
[    8.744771] e1000 0000:00:08.0 eth1: (PCI:33MHz:32-bit) 08:00:27:58:09:d8
[    8.746568] e1000 0000:00:08.0 eth1: Intel(R) PRO/1000 Network Connection
[    8.750804] e1000 0000:00:08.0 enp0s8: renamed from eth1
[    8.772996] e1000 0000:00:03.0 enp0s3: renamed from eth0
Begin: Loading essential drivers ... [   10.272251] raid6: sse2x1   gen() 10777 MB/s
[   10.320119] raid6: sse2x1   xor()  7133 MB/s
[   10.368597] raid6: sse2x2   gen() 12726 MB/s
[   10.416846] raid6: sse2x2   xor()  9274 MB/s
[   10.464541] raid6: sse2x4   gen() 14785 MB/s
[   10.512050] raid6: sse2x4   xor()  9632 MB/s
[   10.560241] raid6: avx2x1   gen() 22093 MB/s
[   10.608277] raid6: avx2x1   xor() 15155 MB/s
[   10.656503] raid6: avx2x2   gen() 24802 MB/s
[   10.704106] raid6: avx2x2   xor() 17063 MB/s
[   10.752151] raid6: avx2x4   gen() 30812 MB/s
[   10.800271] raid6: avx2x4   xor() 18443 MB/s
[   10.801371] raid6: using algorithm avx2x4 gen() 30812 MB/s
[   10.802738] raid6: .... xor() 18443 MB/s, rmw enabled
[   10.804034] raid6: using avx2x2 recovery algorithm
[   10.806534] xor: automatically using best checksumming function   avx       
[   10.809639] async_tx: api initialized (async)
done.
Begin: Running /scripts/init-premount ... done.
Begin: Mounting root file system ... Begin: Running /scripts/local-top ... done.
Begin: Running /scripts/local-premount ... [   10.854144] Btrfs loaded, crc32c=crc32c-intel
Scanning for Btrfs filesystems
done.
Warning: fsck not present, so skipping root file system
[   10.880202] EXT4-fs (sda1): mounted filesystem with ordered data mode. Opts: (null)
done.
Begin: Running /scripts/local-bottom ... done.
Begin: Running /scripts/init-bottom ... done.
[   11.024474] ip_tables: (C) 2000-2006 Netfilter Core Team
[   11.032708] systemd[1]: systemd 237 running in system mode. (+PAM +AUDIT +SELINUX +IMA +APPARMOR +SMACK +SYSVINIT +UTMP +LIBCRYPTSETUP +GCRYPT +GNUTLS +ACL +XZ +LZ4 +SECCOMP +BLKID +ELFUTILS +KMOD -IDN2 +IDN -PCRE2 default-hierarchy=hybrid)
[   11.037468] systemd[1]: Detected virtualization oracle.
[   11.038752] systemd[1]: Detected architecture x86-64.

Welcome to [1mUbuntu 18.04.5 LTS[0m!

[   11.044868] systemd[1]: Set hostname to <ubuntu>.
[   11.048264] systemd[1]: Initializing machine ID from random generator.
[   11.049777] systemd[1]: Installed transient /etc/machine-id file.
[   11.216886] systemd[1]: Set up automount Arbitrary Executable File Formats File System Automount Point.
[[0;32m  OK  [0m] Set up automount Arbitrary Executabâ€¦rmats File System Automount Point.
[   11.887408] systemd[1]: Reached target User and Group Name Lookups.
[[0;32m  OK  [0m] Reached target User and Group Name Lookups.
[   11.891022] systemd[1]: Reached target Swap.
[[0;32m  OK  [0m] Reached target Swap.
[   12.158213] systemd[1]: Started Forward Password Requests to Wall Directory Watch.
[[0;32m  OK  [0m] Started Forward Password Requests to Wall Directory Watch.
[[0;32m  OK  [0m] Created slice User and Session Slice.
[[0;32m  OK  [0m] Reached target System Time Synchronized.
[[0;32m  OK  [0m] Created slice System Slice.
[[0;32m  OK  [0m] Listening on Syslog Socket.
[[0;32m  OK  [0m] Listening on Journal Socket.
[[0;32m  OK  [0m] Listening on Journal Audit Socket.
[[0;32m  OK  [0m] Listening on Device-mapper event daemon FIFOs.
[[0;32m  OK  [0m] Listening on /dev/initctl Compatibility Named Pipe.
         Starting Remount Root and Kernel File Systems...
[   13.915902] EXT4-fs (sda1): re-mounted. Opts: (null)
         Starting Uncomplicated firewall...
[[0;32m  OK  [0m] Listening on LVM2 metadata daemon socket.
         Starting Set the console keyboard layout...
         Starting Load Kernel Modules...
[[0;32m  OK  [0m] Listening on udev Kernel Socket.
[[0;32m  OK  [0m] Listening on Journal Socket (/dev/log).
[[0;32m  OK  [0m] Listening on Network Service Netlink Socket.
         Mounting Huge Pages File System...
         Starting Monitoring of LVM2 mirrorsâ€¦ng dmeventd or progress polling...
[[0;32m  OK  [0m] Listening on LVM2 poll daemon socket.
[   13.962301] Loading iSCSI transport class v2.0-870.
[   13.973063] iscsi: registered transport (tcp)
[[0;32m  OK  [0m] Created slice system-serial\x2dgetty.slice.
[[0;32m  OK  [0m] Reached target Slices.
         Mounting POSIX Message Queue File System...
[   13.990848] iscsi: registered transport (iser)
         Mounting Kernel Debug File System...
         Starting Create list of required stâ€¦ce nodes for the current kernel...
         Starting Journal Service...
[[0;32m  OK  [0m] Listening on udev Control Socket.
         Starting udev Coldplug all Devices...
[[0;32m  OK  [0m] Started Remount Root and Kernel File Systems.
[[0;32m  OK  [0m] Started Uncomplicated firewall.
[[0;32m  OK  [0m] Started Load Kernel Modules.
[[0;32m  OK  [0m] Mounted Huge Pages File System.
[[0;32m  OK  [0m] Mounted POSIX Message Queue File System.
[[0;32m  OK  [0m] Mounted Kernel Debug File System.
[[0;32m  OK  [0m] Started Create list of required staâ€¦vice nodes for the current kernel.
[[0;32m  OK  [0m] Started LVM2 metadata daemon.
         Starting Create Static Device Nodes in /dev...
         Mounting FUSE Control File System...
         Starting Apply Kernel Variables...
         Mounting Kernel Configuration File System...
         Starting Load/Save Random Seed...
[[0;32m  OK  [0m] Started Journal Service.
[[0;32m  OK  [0m] Mounted FUSE Control File System.
[[0;32m  OK  [0m] Mounted Kernel Configuration File System.
[[0;32m  OK  [0m] Started Create Static Device Nodes in /dev.
[[0;32m  OK  [0m] Started Monitoring of LVM2 mirrors,â€¦sing dmeventd or progress polling.
[[0;32m  OK  [0m] Started Load/Save Random Seed.
         Starting udev Kernel Device Manager...
         Starting Flush Journal to Persistent Storage...
[[0;32m  OK  [0m] Started Apply Kernel Variables.
[[0;32m  OK  [0m] Started udev Coldplug all Devices.
[[0;32m  OK  [0m] Started udev Kernel Device Manager.
[[0;32m  OK  [0m] Started Flush Journal to Persistent Storage.
[[0;32m  OK  [0m] Found device /dev/ttyS0.
[[0;32m  OK  [0m] Listening on Load/Save RF Kill Switch Status /dev/rfkill Watch.
[[0;32m  OK  [0m] Started Set the console keyboard layout.
[[0;32m  OK  [0m] Started Dispatch Password Requests to Console Directory Watch.
[[0;32m  OK  [0m] Reached target Local Encrypted Volumes.
[[0;32m  OK  [0m] Reached target Local File Systems (Pre).
[[0;32m  OK  [0m] Reached target Local File Systems.
         Starting Tell Plymouth To Write Out Runtime Data...
         Starting Commit a transient machine-id on disk...
         Starting AppArmor initialization...
         Starting Create Volatile Files and Directories...
         Starting Set console font and keymap...
         Starting ebtables ruleset management...
[[0;32m  OK  [0m] Started Tell Plymouth To Write Out Runtime Data.
[[0;32m  OK  [0m] Started Set console font and keymap.
[[0;32m  OK  [0m] Started Create Volatile Files and Directories.
[[0;32m  OK  [0m] Started Commit a transient machine-id on disk.
         Starting Update UTMP about System Boot/Shutdown...
[[0;32m  OK  [0m] Started Update UTMP about System Boot/Shutdown.
[[0;32m  OK  [0m] Started ebtables ruleset management.
[[0;32m  OK  [0m] Started AppArmor initialization.
         Starting Load AppArmor profiles managed internally by snapd...
         Starting Initial cloud-init job (pre-networking)...
[[0;32m  OK  [0m] Started Load AppArmor profiles managed internally by snapd.
[   16.813474] cloud-init[725]: Cloud-init v. 20.3-2-g371b392c-0ubuntu1~18.04.1 running 'init-local' at Mon, 04 Jan 2021 02:57:00 +0000. Up 16.49 seconds.
[[0;32m  OK  [0m] Started Initial cloud-init job (pre-networking).
[[0;32m  OK  [0m] Reached target Network (Pre).
         Starting Network Service...
[[0;32m  OK  [0m] Started Network Service.
         Starting Network Name Resolution...
         Starting Wait for Network to be Configured...
[[0;32m  OK  [0m] Started Network Name Resolution.
[[0;32m  OK  [0m] Reached target Host and Network Name Lookups.
[[0;32m  OK  [0m] Reached target Network.
[[0;32m  OK  [0m] Started Wait for Network to be Configured.
         Starting Initial cloud-init job (metadata service crawler)...
[   19.134742] cloud-init[848]: Cloud-init v. 20.3-2-g371b392c-0ubuntu1~18.04.1 running 'init' at Mon, 04 Jan 2021 02:57:02 +0000. Up 18.98 seconds.
[   19.136831] cloud-init[848]: ci-info: ++++++++++++++++++++++++++++++++++++++Net device info+++++++++++++++++++++++++++++++++++++++
[   19.138111] cloud-init[848]: ci-info: +--------+-------+----------------------------+---------------+--------+-------------------+
[   19.152699] cloud-init[848]: ci-info: | Device |   Up  |          Address           |      Mask     | Scope  |     Hw-Address    |
[   19.153899] cloud-init[848]: ci-info: +--------+-------+----------------------------+---------------+--------+-------------------+
[   19.164426] cloud-init[848]: ci-info: | enp0s3 |  True |         10.0.2.15          | 255.255.255.0 | global | 02:60:71:1d:34:36 |
[   19.167585] cloud-init[848]: ci-info: | enp0s3 |  True | fe80::60:71ff:fe1d:3436/64 |       .       |  link  | 02:60:71:1d:34:36 |
[   19.180433] cloud-init[848]: ci-info: | enp0s8 | False |             .              |       .       |   .    | 08:00:27:58:09:d8 |
[   19.183779] cloud-init[848]: ci-info: |   lo   |  True |         127.0.0.1          |   255.0.0.0   |  host  |         .         |
[   19.196261] cloud-init[848]: ci-info: |   lo   |  True |          ::1/128           |       .       |  host  |         .         |
[   19.208386] cloud-init[848]: ci-info: +--------+-------+----------------------------+---------------+--------+-------------------+
[   19.212037] cloud-init[848]: ci-info: ++++++++++++++++++++++++++++Route IPv4 info+++++++++++++++++++++++++++++
[   19.214798] cloud-init[848]: ci-info: +-------+-------------+----------+-----------------+-----------+-------+
[   19.219049] cloud-init[848]: ci-info: | Route | Destination | Gateway  |     Genmask     | Interface | Flags |
[   19.222158] cloud-init[848]: ci-info: +-------+-------------+----------+-----------------+-----------+-------+
[   19.224463] cloud-init[848]: ci-info: |   0   |   0.0.0.0   | 10.0.2.2 |     0.0.0.0     |   enp0s3  |   UG  |
[   19.236672] cloud-init[848]: ci-info: |   1   |   10.0.2.0  | 0.0.0.0  |  255.255.255.0  |   enp0s3  |   U   |
[   19.248603] cloud-init[848]: ci-info: |   2   |   10.0.2.2  | 0.0.0.0  | 255.255.255.255 |   enp0s3  |   UH  |
[   19.260602] cloud-init[848]: ci-info: +-------+-------------+----------+-----------------+-----------+-------+
[   19.263746] cloud-init[848]: ci-info: +++++++++++++++++++Route IPv6 info+++++++++++++++++++
[   19.276402] cloud-init[848]: ci-info: +-------+-------------+---------+-----------+-------+
[   19.278551] cloud-init[848]: ci-info: | Route | Destination | Gateway | Interface | Flags |
[   19.280410] cloud-init[848]: ci-info: +-------+-------------+---------+-----------+-------+
[   19.282808] cloud-init[848]: ci-info: |   1   |  fe80::/64  |    ::   |   enp0s3  |   U   |
[   19.296954] cloud-init[848]: ci-info: |   3   |    local    |    ::   |   enp0s3  |   U   |
[   19.299422] cloud-init[848]: ci-info: |   4   |   ff00::/8  |    ::   |   enp0s3  |   U   |
[   19.312426] cloud-init[848]: ci-info: +-------+-------------+---------+-----------+-------+
[   19.970717] cloud-init[848]: Generating public/private rsa key pair.
[   19.973403] cloud-init[848]: Your identification has been saved in /etc/ssh/ssh_host_rsa_key.
[   19.984229] cloud-init[848]: Your public key has been saved in /etc/ssh/ssh_host_rsa_key.pub.
[   19.996280] cloud-init[848]: The key fingerprint is:
[   19.997532] cloud-init[848]: SHA256:ig9kFtnaskCB8MpE1rskCR8XgY2l+Zh/ognkjE0Iwtg root@ubuntu-bionic
[   20.000893] cloud-init[848]: The key's randomart image is:
[   20.002720] cloud-init[848]: +---[RSA 2048]----+
[   20.004216] cloud-init[848]: |o+o=+o           |
[   20.005468] cloud-init[848]: |Bo+=oo           |
[   20.006981] cloud-init[848]: |=+Eo+ .          |
[   20.008186] cloud-init[848]: |=*.* +           |
[   20.009400] cloud-init[848]: |ooB O . S        |
[   20.010883] cloud-init[848]: |=o B + .         |
[   20.012771] cloud-init[848]: |oo. * o          |
[   20.014468] cloud-init[848]: | . o =           |
[   20.016210] cloud-init[848]: |  o   .          |
[   20.017718] cloud-init[848]: +----[SHA256]-----+
[   20.019042] cloud-init[848]: Generating public/private dsa key pair.
[   20.021079] cloud-init[848]: Your identification has been saved in /etc/ssh/ssh_host_dsa_key.
[   20.023274] cloud-init[848]: Your public key has been saved in /etc/ssh/ssh_host_dsa_key.pub.
[   20.026069] cloud-init[848]: The key fingerprint is:
[   20.036596] cloud-init[848]: SHA256:k3gpeO6OG7bvJUqfT/9Wi6W1tDRqeLm3TetozmBkA6w root@ubuntu-bionic
[   20.038809] cloud-init[848]: The key's randomart image is:
[   20.040939] cloud-init[848]: +---[DSA 1024]----+
[   20.042335] cloud-init[848]: |                 |
[   20.044151] cloud-init[848]: |        .        |
[   20.045554] cloud-init[848]: |         o       |
[   20.056521] cloud-init[848]: |     . ..o.      |
[   20.057118] cloud-init[848]: |    . +ES  +     |
[   20.057725] cloud-init[848]: |     o o .o . B  |
[   20.058222] cloud-init[848]: |    + o o  + @ =.|
[   20.058844] cloud-init[848]: |   o B = .o @.*o.|
[   20.059545] cloud-init[848]: |    ==B.. .==*o+.|
[   20.060685] cloud-init[848]: +----[SHA256]-----+
[   20.061334] cloud-init[848]: Generating public/private ecdsa key pair.
[   20.062145] cloud-init[848]: Your identification has been saved in /etc/ssh/ssh_host_ecdsa_key.
[   20.063209] cloud-init[848]: Your public key has been saved in /etc/ssh/ssh_host_ecdsa_key.pub.
[   20.076354] cloud-init[848]: The key fingerprint is:
[   20.077464] cloud-init[848]: SHA256:c5TaJr+dRngVA+49PUprleFnBlXyz5NZ0Jg2G+UyYnc root@ubuntu-bionic
[   20.079017] cloud-init[848]: The key's randomart image is:
[   20.092360] cloud-init[848]: +---[ECDSA 256]---+
[   20.092418] cloud-init[848]: |            ..o==|
[[   20.093744] cloud-init[848]: |           o  O*.|
[   20.093972] cloud-init[848]: |          o +.=BE|
[   20.095022] cloud-init[848]: |         + o ++BB|
[   20.096008] cloud-init[848]: |        S +..ooOB|
[   20.097068] cloud-init[848]: |         *. + +++|
[   20.097375] cloud-init[848]: |          .o +   |
[   20.097413] cloud-init[848]: |           oo.   |
[   20.097474] cloud-init[848]: |          ..o    |
[0;32m  OK  [0m] Started Initial cloud-init job (metadata service crawler).
[   20.098755] cloud-init[848]: +----[SHA256]-----+
[[0;32m  OK  [0m] Reached target Cloud-config availability.
[[0;32m  OK  [0m] Reached target System Initialization.
[   20.099828] cloud-init[848]: Generating public/private ed25519 key pair.
[   20.126894] cloud-init[848]: Your identification has been saved in /etc/ssh/ssh_host_ed25519_key.
[[0;32m  OK  [0m] Started Discard unused blocks once a week.
[   20.142808] [[0;32m  OK  [0m] Started Daily Cleanup of Temporary Directories.
cloud-init[848]: Your public key has been saved in /etc/ssh/ssh_host_ed25519_key.pub.
[[0;32m  OK  [0m] Started Message of the Day.
[   20.146592] cloud-init         Starting Socket activation for snappy daemon.
[[0;32m  OK  [0m] Listening on D-Bus System Message Bus Socket.
[[0;32m  OK  [0m] Listening on ACPID Listen Socket.
[848]: The key fingerprint is:
[   20.154231] cloud-init[848]: SHA256:DQKsz8/0yuGNIw7EANbPjPNWWkhSR9kTQMSALKQHmCI root@ubuntu-bionic
[[0;32m  OK  [0m] Started ACPI Events Check.
[   20.161031] [[0;32m  OK  [0m] Reached target Paths.
cloud-init         Starting LXD - unix socket.
[[0;32m  OK  [0m] Started Daily apt download activities.
[[0;32m  OK  [0m] Started Daily apt upgrade and clean activities.
[[0;32m  OK  [0m] Reached target Timers.
[[0;32m  OK  [0m] Listening on Open-iSCSI iscsid Socket.
[[0;32m  OK  [0m] Listening on UUID daemon activation socket.
[[0;32m  OK  [0m] Reached target Network is Online.
         Starting Availability of block devices...
[[0;32m  OK  [0m] Reached target Remote File Systems (Pre).
[[0;32m  OK  [0m] Reached target Remote File Systems.
[[0;32m  OK  [0m] Listening on Socket activation for snappy daemon.
[[0;32m  OK  [0m] Started Availability of block devices.
[[0;32m  OK  [0m] Listening on LXD - unix socket.
[[0;32m  OK  [0m] Reached target Sockets.
[[0;32m  OK  [0m] Reached target Basic System.
[848]: The key's randomart image is:
         Starting Pollinate to seed the pseudo random number generator...
[   20.200201] cloud-init[848]: +--[ED25519 256]--+
         Starting Permit User Sessions...
[   20.205901] [[0;32m  OK  [0m] Started irqbalance daemon.
         Starting LSB: automatic crash report generation...
cloud-init[848]: |=+o.+o**+..      |
[   20.213526] cloud-init         Starting Dispatcher daemon for systemd-networkd...
         Starting System Logging Service...
         Starting LSB: Record successful boot for GRUB...
         Starting Virtualbox guest utils...
         Starting Snap Daemon...
[848]:          Starting Accounts Service...
[[0;32m  OK  [0m] Started D-Bus System Message Bus.
|Eo =.o.o o       |
[   20.229405] cloud-init[848]: |= o.B o . .      |
[   20.244360] cloud-init[848]: | +.o = + o       |
[   20.247601] cloud-init[848]: |  ooo + S .      |
[   20.254291] cloud-init[848]: | .  o+.          |
[   20.256606] cloud-init[848]: |  . .+..         |
[   20.258198] cloud-init[848]: |   ..o++.        |
[   20.259743] cloud-init[848]: |   ...=o.        |
[   20.261121] cloud-init[848]: +----[SHA256]-----+
[[0;32m  OK  [0m] Started FUSE filesystem for LXC.
[[0;32m  OK  [0m] Started Regular background program processing daemon.
         Starting Login Service...
[[0;32m  OK  [0m] Started Deferred execution scheduler.
         Starting LXD - container startup/shutdown...
[[0;32m  OK  [0m] Started System Logging Service.
[[0;32m  OK  [0m] Started Permit User Sessions.
         Starting Authorization Manager...
         Starting Terminate Plymouth Boot Screen...
         Starting Hold until boot process finishes up...
[[0;32m  OK  [0m] Started Hold until boot process finishes up.
         Starting Set console scheme...
[[0;32m  OK  [0m] Started Serial Getty on ttyS0.
[[0;32m  OK  [0m] Started Terminate Plymouth Boot Screen.
[[0;32m  OK  [0m] Started Login Service.
[[0;32m  OK  [0m] Started Unattended Upgrades Shutdown.
[[0;32m  OK  [0m] Started Set console scheme.
[[0;32m  OK  [0m] Created slice system-getty.slice.
[[0;32m  OK  [0m] Started Getty on tty1.
[[0;32m  OK  [0m] Reached target Login Prompts.
[[0;32m  OK  [0m] Started LSB: automatic crash report generation.
[[0;32m  OK  [0m] Started LSB: Record successful boot for GRUB.
[[0;32m  OK  [0m] Started LXD - container startup/shutdown.
[[0;32m  OK  [0m] Started Virtualbox guest utils.
[[0;32m  OK  [0m] Started Authorization Manager.
[[0;32m  OK  [0m] Started Accounts Service.
[[0;32m  OK  [0m] Started Dispatcher daemon for systemd-networkd.
[[0;32m  OK  [0m] Started Snap Daemon.
         Starting Wait until snapd is fully seeded...
[[0;32m  OK  [0m] Started Pollinate to seed the pseudo random number generator.
         Starting OpenBSD Secure Shell server...
[[0;32m  OK  [0m] Started OpenBSD Secure Shell server.
[[0;32m  OK  [0m] Created slice User Slice of vagrant.
         Starting User Manager for UID 1000...
[[0;32m  OK  [0m] Started Session 1 of user vagrant.
[[0;32m  OK  [0m] Started User Manager for UID 1000.
         Stopping User Manager for UID 1000...
[[0;32m  OK  [0m] Stopped User Manager for UID 1000.
[[0;32m  OK  [0m] Removed slice User Slice of vagrant.
[[0;32m  OK  [0m] Created slice User Slice of vagrant.
         Starting User Manager for UID 1000...
[[0;32m  OK  [0m] Started Session 3 of user vagrant.
[[0;32m  OK  [0m] Started User Manager for UID 1000.

Ubuntu 18.04.5 LTS appserver ttyS0

appserver login: [   30.600959] cloud-init[2108]: Cloud-init v. 20.3-2-g371b392c-0ubuntu1~18.04.1 running 'modules:config' at Mon, 04 Jan 2021 02:57:13 +0000. Up 30.26 seconds.
ci-info: no authorized SSH keys fingerprints found for user ubuntu.
<14>Jan  4 02:57:14 ec2: 
<14>Jan  4 02:57:14 ec2: #############################################################
<14>Jan  4 02:57:14 ec2: -----BEGIN SSH HOST KEY FINGERPRINTS-----
<14>Jan  4 02:57:14 ec2: 1024 SHA256:k3gpeO6OG7bvJUqfT/9Wi6W1tDRqeLm3TetozmBkA6w root@ubuntu-bionic (DSA)
<14>Jan  4 02:57:14 ec2: 256 SHA256:c5TaJr+dRngVA+49PUprleFnBlXyz5NZ0Jg2G+UyYnc root@ubuntu-bionic (ECDSA)
<14>Jan  4 02:57:14 ec2: 256 SHA256:DQKsz8/0yuGNIw7EANbPjPNWWkhSR9kTQMSALKQHmCI root@ubuntu-bionic (ED25519)
<14>Jan  4 02:57:14 ec2: 2048 SHA256:ig9kFtnaskCB8MpE1rskCR8XgY2l+Zh/ognkjE0Iwtg root@ubuntu-bionic (RSA)
<14>Jan  4 02:57:14 ec2: -----END SSH HOST KEY FINGERPRINTS-----
<14>Jan  4 02:57:14 ec2: #############################################################
-----BEGIN SSH HOST KEY KEYS-----
ecdsa-sha2-nistp256 AAAAE2VjZHNhLXNoYTItbmlzdHAyNTYAAAAIbmlzdHAyNTYAAABBBJMknvgLQRH6Hw0Oao5ygWQQGU7L7fDmskmbVIXNuXaBFfPTnQiK86up3Bg8cwoK8NQh0bmB9Hb0W4iTNYM0O7I= root@ubuntu-bionic
ssh-ed25519 AAAAC3NzaC1lZDI1NTE5AAAAIIRPdnb71VnPmQFsw+W+GAsRL/lkNh55dwZJy8kJ/AtF root@ubuntu-bionic
ssh-rsa AAAAB3NzaC1yc2EAAAADAQABAAABAQCsEkJ9DDNX69dZFK+NGWqGo7QS46Ft0mQ0+K/YvmkSjoNX/Sf4yEFh/3QPRTcyoNGVOLFTd2VK+B9AHYJontQwhJM9K5nT0VaZ9MgENZJfijF9IWjiMxhPkqw2GhLxrrLTZA8gya/9CMbOufSXKH01ubpFu5WUrM54nyHKCEe43WBWelba7FndaqitabumcNrcfmUST/eT2hPm+fswOsg/TuP6YhXiOlkbr6GRUO7nAY0GFetmve4HzTYR4+vwkDm/lfmEMQHpAE+7xdOm8ke63hlwuGi+FyEzpWGWzUwFkMyJOYQcF7PTEX3ea9JTtn8FJprYzmPUoYCHGybzVkLt root@ubuntu-bionic
-----END SSH HOST KEY KEYS-----
[   31.253920] cloud-init[2177]: Cloud-init v. 20.3-2-g371b392c-0ubuntu1~18.04.1 running 'modules:final' at Mon, 04 Jan 2021 02:57:14 +0000. Up 31.08 seconds.
[   31.254312] cloud-init[2177]: ci-info: no authorized SSH keys fingerprints found for user ubuntu.
[   31.254754] cloud-init[2177]: Cloud-init v. 20.3-2-g371b392c-0ubuntu1~18.04.1 finished at Mon, 04 Jan 2021 02:57:14 +0000. Datasource DataSourceNoCloud [seed=/dev/sdb][dsmode=net].  Up 31.24 seconds
