[    0.000000] Linux version 4.15.0-124-generic (buildd@lgw01-amd64-029) (gcc version 7.5.0 (Ubuntu 7.5.0-3ubuntu1~18.04)) #127-Ubuntu SMP Fri Nov 6 10:54:43 UTC 2020 (Ubuntu 4.15.0-124.127-generic 4.15.18)
[    0.000000] Command line: BOOT_IMAGE=/boot/vmlinuz-4.15.0-124-generic root=LABEL=cloudimg-rootfs ro console=tty1 console=ttyS0
[    0.000000] KERNEL supported cpus:
[    0.000000]   Intel GenuineIntel
[    0.000000]   AMD AuthenticAMD
[    0.000000]   Centaur CentaurHauls
[    0.000000] x86/fpu: Supporting XSAVE feature 0x001: 'x87 floating point registers'
[    0.000000] x86/fpu: Supporting XSAVE feature 0x002: 'SSE registers'
[    0.000000] x86/fpu: Supporting XSAVE feature 0x004: 'AVX registers'
[    0.000000] x86/fpu: xstate_offset[2]:  576, xstate_sizes[2]:  256
[    0.000000] x86/fpu: Enabled xstate features 0x7, context size is 832 bytes, using 'standard' format.
[    0.000000] e820: BIOS-provided physical RAM map:
[    0.000000] BIOS-e820: [mem 0x0000000000000000-0x000000000009fbff] usable
[    0.000000] BIOS-e820: [mem 0x000000000009fc00-0x000000000009ffff] reserved
[    0.000000] BIOS-e820: [mem 0x00000000000f0000-0x00000000000fffff] reserved
[    0.000000] BIOS-e820: [mem 0x0000000000100000-0x00000000dffeffff] usable
[    0.000000] BIOS-e820: [mem 0x00000000dfff0000-0x00000000dfffffff] ACPI data
[    0.000000] BIOS-e820: [mem 0x00000000fec00000-0x00000000fec00fff] reserved
[    0.000000] BIOS-e820: [mem 0x00000000fee00000-0x00000000fee00fff] reserved
[    0.000000] BIOS-e820: [mem 0x00000000fffc0000-0x00000000ffffffff] reserved
[    0.000000] BIOS-e820: [mem 0x0000000100000000-0x000000011fffffff] usable
[    0.000000] NX (Execute Disable) protection: active
[    0.000000] SMBIOS 2.5 present.
[    0.000000] DMI: innotek GmbH VirtualBox/VirtualBox, BIOS VirtualBox 12/01/2006
[    0.000000] Hypervisor detected: KVM
[    0.000000] e820: last_pfn = 0x120000 max_arch_pfn = 0x400000000
[    0.000000] MTRR: Disabled
[    0.000000] x86/PAT: MTRRs disabled, skipping PAT initialization too.
[    0.000000] CPU MTRRs all blank - virtualized system.
[    0.000000] x86/PAT: Configuration [0-7]: WB  WT  UC- UC  WB  WT  UC- UC  
[    0.000000] e820: last_pfn = 0xdfff0 max_arch_pfn = 0x400000000
[    0.000000] found SMP MP-table at [mem 0x0009fff0-0x0009ffff]
[    0.000000] Scanning 1 areas for low memory corruption
[    0.000000] RAMDISK: [mem 0x35a67000-0x36d2afff]
[    0.000000] ACPI: Early table checksum verification disabled
[    0.000000] ACPI: RSDP 0x00000000000E0000 000024 (v02 VBOX  )
[    0.000000] ACPI: XSDT 0x00000000DFFF0030 00003C (v01 VBOX   VBOXXSDT 00000001 ASL  00000061)
[    0.000000] ACPI: FACP 0x00000000DFFF00F0 0000F4 (v04 VBOX   VBOXFACP 00000001 ASL  00000061)
[    0.000000] ACPI: DSDT 0x00000000DFFF0470 002325 (v02 VBOX   VBOXBIOS 00000002 INTL 20120111)
[    0.000000] ACPI: FACS 0x00000000DFFF0200 000040
[    0.000000] ACPI: FACS 0x00000000DFFF0200 000040
[    0.000000] ACPI: APIC 0x00000000DFFF0240 00005C (v02 VBOX   VBOXAPIC 00000001 ASL  00000061)
[    0.000000] ACPI: SSDT 0x00000000DFFF02A0 0001CC (v01 VBOX   VBOXCPUT 00000002 INTL 20120111)
[    0.000000] No NUMA configuration found
[    0.000000] Faking a node at [mem 0x0000000000000000-0x000000011fffffff]
[    0.000000] NODE_DATA(0) allocated [mem 0x11ffd1000-0x11fffbfff]
[    0.000000] kvm-clock: cpu 0, msr 1:1ff50001, primary cpu clock
[    0.000000] kvm-clock: Using msrs 4b564d01 and 4b564d00
[    0.000000] kvm-clock: using sched offset of 6230596823 cycles
[    0.000000] clocksource: kvm-clock: mask: 0xffffffffffffffff max_cycles: 0x1cd42e4dffb, max_idle_ns: 881590591483 ns
[    0.000000] Zone ranges:
[    0.000000]   DMA      [mem 0x0000000000001000-0x0000000000ffffff]
[    0.000000]   DMA32    [mem 0x0000000001000000-0x00000000ffffffff]
[    0.000000]   Normal   [mem 0x0000000100000000-0x000000011fffffff]
[    0.000000]   Device   empty
[    0.000000] Movable zone start for each node
[    0.000000] Early memory node ranges
[    0.000000]   node   0: [mem 0x0000000000001000-0x000000000009efff]
[    0.000000]   node   0: [mem 0x0000000000100000-0x00000000dffeffff]
[    0.000000]   node   0: [mem 0x0000000100000000-0x000000011fffffff]
[    0.000000] Reserved but unavailable: 98 pages
[    0.000000] Initmem setup node 0 [mem 0x0000000000001000-0x000000011fffffff]
[    0.000000] ACPI: PM-Timer IO Port: 0x4008
[    0.000000] IOAPIC[0]: apic_id 2, version 32, address 0xfec00000, GSI 0-23
[    0.000000] ACPI: INT_SRC_OVR (bus 0 bus_irq 0 global_irq 2 dfl dfl)
[    0.000000] ACPI: INT_SRC_OVR (bus 0 bus_irq 9 global_irq 9 low level)
[    0.000000] Using ACPI (MADT) for SMP configuration information
[    0.000000] smpboot: Allowing 2 CPUs, 0 hotplug CPUs
[    0.000000] PM: Registered nosave memory: [mem 0x00000000-0x00000fff]
[    0.000000] PM: Registered nosave memory: [mem 0x0009f000-0x0009ffff]
[    0.000000] PM: Registered nosave memory: [mem 0x000a0000-0x000effff]
[    0.000000] PM: Registered nosave memory: [mem 0x000f0000-0x000fffff]
[    0.000000] PM: Registered nosave memory: [mem 0xdfff0000-0xdfffffff]
[    0.000000] PM: Registered nosave memory: [mem 0xe0000000-0xfebfffff]
[    0.000000] PM: Registered nosave memory: [mem 0xfec00000-0xfec00fff]
[    0.000000] PM: Registered nosave memory: [mem 0xfec01000-0xfedfffff]
[    0.000000] PM: Registered nosave memory: [mem 0xfee00000-0xfee00fff]
[    0.000000] PM: Registered nosave memory: [mem 0xfee01000-0xfffbffff]
[    0.000000] PM: Registered nosave memory: [mem 0xfffc0000-0xffffffff]
[    0.000000] e820: [mem 0xe0000000-0xfebfffff] available for PCI devices
[    0.000000] Booting paravirtualized kernel on KVM
[    0.000000] clocksource: refined-jiffies: mask: 0xffffffff max_cycles: 0xffffffff, max_idle_ns: 7645519600211568 ns
[    0.000000] random: get_random_bytes called from start_kernel+0x99/0x500 with crng_init=0
[    0.000000] setup_percpu: NR_CPUS:8192 nr_cpumask_bits:2 nr_cpu_ids:2 nr_node_ids:1
[    0.000000] percpu: Embedded 45 pages/cpu s147456 r8192 d28672 u1048576
[    0.000000] PV qspinlock hash table entries: 256 (order: 0, 4096 bytes)
[    0.000000] Built 1 zonelists, mobility grouping on.  Total pages: 1032057
[    0.000000] Policy zone: Normal
[    0.000000] Kernel command line: BOOT_IMAGE=/boot/vmlinuz-4.15.0-124-generic root=LABEL=cloudimg-rootfs ro console=tty1 console=ttyS0
[    0.000000] Memory: 4013640K/4193848K available (12300K kernel code, 2482K rwdata, 4272K rodata, 2436K init, 2724K bss, 180208K reserved, 0K cma-reserved)
[    0.000000] SLUB: HWalign=64, Order=0-3, MinObjects=0, CPUs=2, Nodes=1
[    0.000000] Kernel/User page tables isolation: enabled
[    0.000000] ftrace: allocating 39402 entries in 154 pages
[    0.004000] Hierarchical RCU implementation.
[    0.004000] 	RCU restricting CPUs from NR_CPUS=8192 to nr_cpu_ids=2.
[    0.004000] 	Tasks RCU enabled.
[    0.004000] RCU: Adjusting geometry for rcu_fanout_leaf=16, nr_cpu_ids=2
[    0.004000] NR_IRQS: 524544, nr_irqs: 440, preallocated irqs: 16
[    0.004000] Console: colour VGA+ 80x25
[    0.004000] console [tty1] enabled
[    0.004000] console [ttyS0] enabled
[    0.004000] ACPI: Core revision 20170831
[    0.004000] ACPI: 2 ACPI AML tables successfully acquired and loaded
[    0.004000] APIC: Switch to symmetric I/O mode setup
[    0.004000] x2apic enabled
[    0.004000] Switched APIC routing to physical x2apic.
[    0.004000] ..TIMER: vector=0x30 apic1=0 pin1=2 apic2=-1 pin2=-1
[    0.004003] tsc: Detected 2904.000 MHz processor
[    0.004894] Calibrating delay loop (skipped) preset value.. 5808.00 BogoMIPS (lpj=11616000)
[    0.005588] pid_max: default: 32768 minimum: 301
[    0.008026] Security Framework initialized
[    0.008866] Yama: becoming mindful.
[    0.009742] AppArmor: AppArmor initialized
[    0.012103] Dentry cache hash table entries: 524288 (order: 10, 4194304 bytes)
[    0.014719] Inode-cache hash table entries: 262144 (order: 9, 2097152 bytes)
[    0.016015] Mount-cache hash table entries: 8192 (order: 4, 65536 bytes)
[    0.020009] Mountpoint-cache hash table entries: 8192 (order: 4, 65536 bytes)
[    0.021667] Last level iTLB entries: 4KB 64, 2MB 8, 4MB 8
[    0.022761] Last level dTLB entries: 4KB 64, 2MB 0, 4MB 0, 1GB 4
[    0.024002] Spectre V1 : Mitigation: usercopy/swapgs barriers and __user pointer sanitization
[    0.025653] Spectre V2 : Mitigation: Full generic retpoline
[    0.026728] Spectre V2 : Spectre v2 / SpectreRSB mitigation: Filling RSB on context switch
[    0.028001] Speculative Store Bypass: Vulnerable
[    0.029123] SRBDS: Unknown: Dependent on hypervisor status
[    0.030191] MDS: Mitigation: Clear CPU buffers
[    0.031201] Freeing SMP alternatives memory: 36K
[    0.141537] smpboot: CPU0: Intel(R) Core(TM) i7-7820HQ CPU @ 2.90GHz (family: 0x6, model: 0x9e, stepping: 0x9)
[    0.143890] Performance Events: unsupported p6 CPU model 158 no PMU driver, software events only.
[    0.144030] Hierarchical SRCU implementation.
[    0.145795] NMI watchdog: Perf event create on CPU 0 failed with -2
[    0.148002] NMI watchdog: Perf NMI watchdog permanently disabled
[    0.149212] smp: Bringing up secondary CPUs ...
[    0.151300] x86: Booting SMP configuration:
[    0.152002] .... node  #0, CPUs:      #1
[    0.004000] kvm-clock: cpu 1, msr 1:1ff50041, secondary cpu clock
[    0.156051] smp: Brought up 1 node, 2 CPUs
[    0.157276] smpboot: Max logical packages: 1
[    0.158132] smpboot: Total of 2 processors activated (11616.00 BogoMIPS)
[    0.160182] devtmpfs: initialized
[    0.160777] x86/mm: Memory block size: 128MB
[    0.161883] evm: security.selinux
[    0.162568] evm: security.SMACK64
[    0.163247] evm: security.SMACK64EXEC
[    0.164002] evm: security.SMACK64TRANSMUTE
[    0.164907] evm: security.SMACK64MMAP
[    0.165645] evm: security.apparmor
[    0.166773] evm: security.ima
[    0.168002] evm: security.capability
[    0.168802] clocksource: jiffies: mask: 0xffffffff max_cycles: 0xffffffff, max_idle_ns: 7645041785100000 ns
[    0.169938] futex hash table entries: 512 (order: 3, 32768 bytes)
[    0.172066] pinctrl core: initialized pinctrl subsystem
[    0.173185] RTC time:  0:19:50, date: 01/04/21
[    0.174223] NET: Registered protocol family 16
[    0.175167] audit: initializing netlink subsys (disabled)
[    0.176023] audit: type=2000 audit(1609719598.281:1): state=initialized audit_enabled=0 res=1
[    0.178640] cpuidle: using governor ladder
[    0.180011] cpuidle: using governor menu
[    0.180877] ACPI: bus type PCI registered
[    0.181723] acpiphp: ACPI Hot Plug PCI Controller Driver version: 0.5
[    0.184110] PCI: Using configuration type 1 for base access
[    0.185631] HugeTLB registered 2.00 MiB page size, pre-allocated 0 pages
[    0.188089] ACPI: Added _OSI(Module Device)
[    0.189121] ACPI: Added _OSI(Processor Device)
[    0.192003] ACPI: Added _OSI(3.0 _SCP Extensions)
[    0.192981] ACPI: Added _OSI(Processor Aggregator Device)
[    0.194061] ACPI: Added _OSI(Linux-Dell-Video)
[    0.194988] ACPI: Added _OSI(Linux-Lenovo-NV-HDMI-Audio)
[    0.196002] ACPI: Added _OSI(Linux-HPI-Hybrid-Graphics)
[    0.198084] ACPI: Executed 1 blocks of module-level executable AML code
[    0.202660] ACPI: Interpreter enabled
[    0.203513] ACPI: (supports S0 S5)
[    0.204004] ACPI: Using IOAPIC for interrupt routing
[    0.205322] PCI: Using host bridge windows from ACPI; if necessary, use "pci=nocrs" and report a bug
[    0.208210] ACPI: Enabled 2 GPEs in block 00 to 07
[    0.215839] ACPI: PCI Root Bridge [PCI0] (domain 0000 [bus 00-ff])
[    0.216008] acpi PNP0A03:00: _OSC: OS supports [ASPM ClockPM Segments MSI]
[    0.217980] acpi PNP0A03:00: _OSC: not requesting OS control; OS requires [ExtendedConfig ASPM ClockPM MSI]
[    0.220013] acpi PNP0A03:00: fail to add MMCONFIG information, can't access extended PCI configuration space under this bridge.
[    0.224513] PCI host bridge to bus 0000:00
[    0.225376] pci_bus 0000:00: root bus resource [io  0x0000-0x0cf7 window]
[    0.226957] pci_bus 0000:00: root bus resource [io  0x0d00-0xffff window]
[    0.228003] pci_bus 0000:00: root bus resource [mem 0x000a0000-0x000bffff window]
[    0.229556] pci_bus 0000:00: root bus resource [mem 0xe0000000-0xfdffffff window]
[    0.232003] pci_bus 0000:00: root bus resource [bus 00-ff]
[    0.235844] pci 0000:00:01.1: legacy IDE quirk: reg 0x10: [io  0x01f0-0x01f7]
[    0.236017] pci 0000:00:01.1: legacy IDE quirk: reg 0x14: [io  0x03f6]
[    0.237664] pci 0000:00:01.1: legacy IDE quirk: reg 0x18: [io  0x0170-0x0177]
[    0.240004] pci 0000:00:01.1: legacy IDE quirk: reg 0x1c: [io  0x0376]
[    0.282381] pci 0000:00:07.0: quirk: [io  0x4000-0x403f] claimed by PIIX4 ACPI
[    0.284021] pci 0000:00:07.0: quirk: [io  0x4100-0x410f] claimed by PIIX4 SMB
[    0.310262] ACPI: PCI Interrupt Link [LNKA] (IRQs 5 9 10 *11)
[    0.312272] ACPI: PCI Interrupt Link [LNKB] (IRQs 5 9 *10 11)
[    0.313760] ACPI: PCI Interrupt Link [LNKC] (IRQs 5 *9 10 11)
[    0.316131] ACPI: PCI Interrupt Link [LNKD] (IRQs 5 9 10 *11)
[    0.317710] SCSI subsystem initialized
[    0.318759] pci 0000:00:02.0: vgaarb: setting as boot VGA device
[    0.318759] pci 0000:00:02.0: vgaarb: VGA device added: decodes=io+mem,owns=io+mem,locks=none
[    0.320009] pci 0000:00:02.0: vgaarb: bridge control possible
[    0.321384] vgaarb: loaded
[    0.324031] ACPI: bus type USB registered
[    0.325310] usbcore: registered new interface driver usbfs
[    0.326414] usbcore: registered new interface driver hub
[    0.327490] usbcore: registered new device driver usb
[    0.328040] EDAC MC: Ver: 3.0.0
[    0.328957] PCI: Using ACPI for IRQ routing
[    0.329207] NetLabel: Initializing
[    0.332002] NetLabel:  domain hash size = 128
[    0.332974] NetLabel:  protocols = UNLABELED CIPSOv4 CALIPSO
[    0.334093] NetLabel:  unlabeled traffic allowed by default
[    0.335210] clocksource: Switched to clocksource kvm-clock
[    0.345545] VFS: Disk quotas dquot_6.6.0
[    0.346798] VFS: Dquot-cache hash table entries: 512 (order 0, 4096 bytes)
[    0.348211] AppArmor: AppArmor Filesystem Enabled
[    0.349251] pnp: PnP ACPI init
[    0.351192] pnp: PnP ACPI: found 3 devices
[    0.361013] clocksource: acpi_pm: mask: 0xffffff max_cycles: 0xffffff, max_idle_ns: 2085701024 ns
[    0.363218] NET: Registered protocol family 2
[    0.364508] TCP established hash table entries: 32768 (order: 6, 262144 bytes)
[    0.366014] TCP bind hash table entries: 32768 (order: 7, 524288 bytes)
[    0.368093] TCP: Hash tables configured (established 32768 bind 32768)
[    0.369421] UDP hash table entries: 2048 (order: 4, 65536 bytes)
[    0.370627] UDP-Lite hash table entries: 2048 (order: 4, 65536 bytes)
[    0.371897] NET: Registered protocol family 1
[    0.372799] pci 0000:00:00.0: Limiting direct PCI/PCI transfers
[    0.374012] pci 0000:00:01.0: Activating ISA DMA hang workarounds
[    0.375666] pci 0000:00:02.0: Video device with shadowed ROM at [mem 0x000c0000-0x000dffff]
[    0.378191] Unpacking initramfs...
[    0.634201] Freeing initrd memory: 19216K
[    0.635546] PCI-DMA: Using software bounce buffering for IO (SWIOTLB)
[    0.636982] software IO TLB: mapped [mem 0xdbff0000-0xdfff0000] (64MB)
[    0.638277] clocksource: tsc: mask: 0xffffffffffffffff max_cycles: 0x29dc05e54fc, max_idle_ns: 440795291716 ns
[    0.640235] platform rtc_cmos: registered platform RTC device (no PNP device found)
[    0.642661] Scanning for low memory corruption every 60 seconds
[    0.644774] Initialise system trusted keyrings
[    0.645854] Key type blacklist registered
[    0.646848] workingset: timestamp_bits=36 max_order=20 bucket_order=0
[    0.650614] zbud: loaded
[    0.651810] squashfs: version 4.0 (2009/01/31) Phillip Lougher
[    0.653508] fuse init (API version 7.26)
[    0.656840] Key type asymmetric registered
[    0.657692] Asymmetric key parser 'x509' registered
[    0.658781] Block layer SCSI generic (bsg) driver version 0.4 loaded (major 246)
[    0.660655] io scheduler noop registered
[    0.661527] io scheduler deadline registered
[    0.662418] io scheduler cfq registered (default)
[    0.663860] ACPI: AC Adapter [AC] (on-line)
[    0.665075] input: Power Button as /devices/LNXSYSTM:00/LNXPWRBN:00/input/input0
[    0.666827] ACPI: Power Button [PWRF]
[    0.667644] input: Sleep Button as /devices/LNXSYSTM:00/LNXSLPBN:00/input/input1
[    0.669148] ACPI: Sleep Button [SLPF]
[    0.671251] ACPI: Battery Slot [BAT0] (battery present)
[    0.672153] Serial: 8250/16550 driver, 32 ports, IRQ sharing enabled
[    0.695263] 00:02: ttyS0 at I/O 0x3f8 (irq = 4, base_baud = 115200) is a 16550A
[    0.698462] Linux agpgart interface v0.103
[    0.701949] loop: module loaded
[    0.703446] scsi host0: ata_piix
[    0.705109] scsi host1: ata_piix
[    0.706032] ata1: PATA max UDMA/33 cmd 0x1f0 ctl 0x3f6 bmdma 0xd000 irq 14
[    0.707354] ata2: PATA max UDMA/33 cmd 0x170 ctl 0x376 bmdma 0xd008 irq 15
[    0.708842] libphy: Fixed MDIO Bus: probed
[    0.709810] tun: Universal TUN/TAP device driver, 1.6
[    0.710850] PPP generic driver version 2.4.2
[    0.711936] ehci_hcd: USB 2.0 'Enhanced' Host Controller (EHCI) Driver
[    0.713246] ehci-pci: EHCI PCI platform driver
[    0.714149] ehci-platform: EHCI generic platform driver
[    0.715583] ohci_hcd: USB 1.1 'Open' Host Controller (OHCI) Driver
[    0.716811] ohci-pci: OHCI PCI platform driver
[    0.717702] ohci-platform: OHCI generic platform driver
[    0.718736] uhci_hcd: USB Universal Host Controller Interface driver
[    0.720020] i8042: PNP: PS/2 Controller [PNP0303:PS2K,PNP0f03:PS2M] at 0x60,0x64 irq 1,12
[    0.722102] serio: i8042 KBD port at 0x60,0x64 irq 1
[    0.723512] serio: i8042 AUX port at 0x60,0x64 irq 12
[    0.724870] mousedev: PS/2 mouse device common for all mice
[    0.726424] input: AT Translated Set 2 keyboard as /devices/platform/i8042/serio0/input/input2
[    0.729296] rtc_cmos rtc_cmos: rtc core: registered rtc_cmos as rtc0
[    0.730652] rtc_cmos rtc_cmos: alarms up to one day, 114 bytes nvram
[    0.731894] i2c /dev entries driver
[    0.732685] device-mapper: uevent: version 1.0.3
[    0.733687] device-mapper: ioctl: 4.37.0-ioctl (2017-09-20) initialised: dm-devel@redhat.com
[    0.735705] ledtrig-cpu: registered to indicate activity on CPUs
[    0.737534] NET: Registered protocol family 10
[    0.741301] Segment Routing with IPv6
[    0.742069] NET: Registered protocol family 17
[    0.743007] Key type dns_resolver registered
[    0.744167] mce: Using 0 MCE banks
[    0.745341] RAS: Correctable Errors collector initialized.
[    0.746462] sched_clock: Marking stable (744109005, 0)->(989361969, -245252964)
[    0.748341] registered taskstats version 1
[    0.749177] Loading compiled-in X.509 certificates
[    0.752151] Loaded X.509 cert 'Build time autogenerated kernel key: be62403dcace2d46f96dafa9f42421c610ef3c2a'
[    0.754165] zswap: loaded using pool lzo/zbud
[    0.759876] Key type big_key registered
[    0.760800] Key type trusted registered
[    0.763035] Key type encrypted registered
[    0.763868] AppArmor: AppArmor sha1 policy hashing enabled
[    0.765232] ima: No TPM chip found, activating TPM-bypass! (rc=-19)
[    0.767202] ima: Allocated hash algorithm: sha1
[    0.768111] evm: HMAC attrs: 0x1
[    0.769394]   Magic number: 5:535:303
[    0.770296] tty tty32: hash matches
[    0.771077] rtc_cmos rtc_cmos: setting system clock to 2021-01-04 00:19:51 UTC (1609719591)
[    0.772973] BIOS EDD facility v0.16 2004-Jun-25, 0 devices found
[    0.775015] EDD information not available.
[    1.177916] Freeing unused kernel image memory: 2436K
[    1.474606] Write protecting the kernel read-only data: 20480k
[    1.477363] Freeing unused kernel image memory: 2008K
[    1.479086] Freeing unused kernel image memory: 1872K
[    1.488146] x86/mm: Checked W+X mappings: passed, no W+X pages found.
[    1.490065] x86/mm: Checking user space page tables
[    1.498420] x86/mm: Checked W+X mappings: passed, no W+X pages found.
Loading, please wait...
starting version 237
[    1.559772] e1000: Intel(R) PRO/1000 Network Driver - version 7.3.21-k8-NAPI
[    1.561691] e1000: Copyright (c) 1999-2006 Intel Corporation.
[    1.565184] Fusion MPT base driver 3.04.20
[    1.566068] Copyright (c) 1999-2008 LSI Corporation
[    1.585194] AVX2 version of gcm_enc/dec engaged.
[    1.587145] AES CTR mode by8 optimization enabled
[    1.592341] Fusion MPT SPI Host driver 3.04.20
[    1.785468] input: ImExPS/2 Generic Explorer Mouse as /devices/platform/i8042/serio1/input/input4
[    1.978299] e1000 0000:00:03.0 eth0: (PCI:33MHz:32-bit) 02:60:71:1d:34:36
[    1.980535] e1000 0000:00:03.0 eth0: Intel(R) PRO/1000 Network Connection
[    2.383920] e1000 0000:00:08.0 eth1: (PCI:33MHz:32-bit) 08:00:27:0c:99:d1
[    2.386106] e1000 0000:00:08.0 eth1: Intel(R) PRO/1000 Network Connection
[    2.389668] e1000 0000:00:03.0 enp0s3: renamed from eth0
[    2.396623] mptbase: ioc0: Initiating bringup
[    2.409625] e1000 0000:00:08.0 enp0s8: renamed from eth1
[    3.002471] ioc0: LSI53C1030 A0: Capabilities={Initiator}
[    4.670657] scsi host2: ioc0: LSI53C1030 A0, FwRev=00000000h, Ports=1, MaxQ=256, IRQ=20
[    7.486050] scsi 2:0:0:0: Direct-Access     VBOX     HARDDISK         1.0  PQ: 0 ANSI: 5
[    7.528051] scsi target2:0:0: Beginning Domain Validation
[    7.532820] scsi target2:0:0: Domain Validation skipping write tests
[    7.534681] scsi target2:0:0: Ending Domain Validation
[    7.535971] scsi target2:0:0: asynchronous
[    7.537432] scsi 2:0:1:0: Direct-Access     VBOX     HARDDISK         1.0  PQ: 0 ANSI: 5
[    7.568403] scsi target2:0:1: Beginning Domain Validation
[    7.572762] random: fast init done
[    7.574489] scsi target2:0:1: Domain Validation skipping write tests
[    7.576050] scsi target2:0:1: Ending Domain Validation
[    7.577272] scsi target2:0:1: asynchronous
[    7.583035] sd 2:0:0:0: Attached scsi generic sg0 type 0
[    7.583132] random: systemd-udevd: uninitialized urandom read (16 bytes read)
[    7.585886] sd 2:0:0:0: [sda] 20971520 512-byte logical blocks: (10.7 GB/10.0 GiB)
[    7.587522] sd 2:0:1:0: Attached scsi generic sg1 type 0
[    7.587526] sd 2:0:0:0: [sda] Write Protect is off
[    7.589913] sd 2:0:1:0: [sdb] 20480 512-byte logical blocks: (10.5 MB/10.0 MiB)
[    7.592280] sd 2:0:1:0: [sdb] Write Protect is off
[    7.593819] sd 2:0:0:0: [sda] Incomplete mode parameter data
[    7.595384] sd 2:0:0:0: [sda] Assuming drive cache: write through
[    7.596107] random: systemd-udevd: uninitialized urandom read (16 bytes read)
[    7.596856] sd 2:0:1:0: [sdb] Incomplete mode parameter data
[    7.598758] random: systemd-udevd: uninitialized urandom read (16 bytes read)
[    7.599895] sd 2:0:1:0: [sdb] Assuming drive cache: write through
[    7.605215] sd 2:0:1:0: [sdb] Attached SCSI disk
[    7.614466]  sda: sda1
[    7.616519] sd 2:0:0:0: [sda] Attached SCSI disk
Begin: Loading essential drivers ... [    9.064083] raid6: sse2x1   gen()  9834 MB/s
[    9.112087] raid6: sse2x1   xor()  5700 MB/s
[    9.160178] raid6: sse2x2   gen() 12265 MB/s
[    9.208531] raid6: sse2x2   xor()  8808 MB/s
[    9.256528] raid6: sse2x4   gen() 14317 MB/s
[    9.304198] raid6: sse2x4   xor()  9570 MB/s
[    9.352085] raid6: avx2x1   gen() 16455 MB/s
[    9.400074] raid6: avx2x1   xor() 12343 MB/s
[    9.448039] raid6: avx2x2   gen() 26239 MB/s
[    9.496517] raid6: avx2x2   xor() 17327 MB/s
[    9.544074] raid6: avx2x4   gen() 30234 MB/s
[    9.592113] raid6: avx2x4   xor() 18323 MB/s
[    9.593546] raid6: using algorithm avx2x4 gen() 30234 MB/s
[    9.594884] raid6: .... xor() 18323 MB/s, rmw enabled
[    9.596238] raid6: using avx2x2 recovery algorithm
[    9.598723] xor: automatically using best checksumming function   avx       
[    9.601471] async_tx: api initialized (async)
done.
Begin: Running /scripts/init-premount ... done.
Begin: Mounting root file system ... Begin: Running /scripts/local-top ... done.
Begin: Running /scripts/local-premount ... [    9.644670] Btrfs loaded, crc32c=crc32c-intel
Scanning for Btrfs filesystems
done.
Warning: fsck not present, so skipping root file system
[    9.681478] EXT4-fs (sda1): mounted filesystem with ordered data mode. Opts: (null)
done.
Begin: Running /scripts/local-bottom ... done.
Begin: Running /scripts/init-bottom ... done.
[    9.876590] ip_tables: (C) 2000-2006 Netfilter Core Team
[    9.890772] systemd[1]: systemd 237 running in system mode. (+PAM +AUDIT +SELINUX +IMA +APPARMOR +SMACK +SYSVINIT +UTMP +LIBCRYPTSETUP +GCRYPT +GNUTLS +ACL +XZ +LZ4 +SECCOMP +BLKID +ELFUTILS +KMOD -IDN2 +IDN -PCRE2 default-hierarchy=hybrid)
[    9.895940] systemd[1]: Detected virtualization oracle.
[    9.897186] systemd[1]: Detected architecture x86-64.

Welcome to [1mUbuntu 18.04.5 LTS[0m!

[    9.902894] systemd[1]: Set hostname to <appserver>.
[   10.185459] systemd[1]: Reached target System Time Synchronized.
[[0;32m  OK  [0m] Reached target System Time Synchronized.
[   10.189937] systemd[1]: Created slice System Slice.
[[0;32m  OK  [0m] Created slice System Slice.
[   10.193713] systemd[1]: Listening on Journal Socket (/dev/log).
[[0;32m  OK  [0m] Listening on Journal Socket (/dev/log).
[   10.433278] systemd[1]: Listening on LVM2 poll daemon socket.
[[0;32m  OK  [0m] Listening on LVM2 poll daemon socket.
[   10.435922] systemd[1]: Listening on Network Service Netlink Socket.
[[0;32m  OK  [0m] Listening on Network Service Netlink Socket.
[   10.438369] systemd[1]: Listening on Journal Audit Socket.
[[0;32m  OK  [0m] Listening on Journal Audit Socket.
[[0;32m  OK  [0m] Reached target Swap.
[[0;32m  OK  [0m] Listening on Syslog Socket.
[[0;32m  OK  [0m] Listening on /dev/initctl Compatibility Named Pipe.
[[0;32m  OK  [0m] Listening on LVM2 metadata daemon socket.
[[0;32m  OK  [0m] Listening on Journal Socket.
         Mounting Kernel Debug File System...
         Starting Journal Service...
         Starting Set the console keyboard layout...
         Starting Remount Root and Kernel File Systems...
         Starting Load Kernel Modules...
[[0;32m  OK  [0m] Reached target User and Group Name Lookups.
[   10.710892] EXT4-fs (sda1): re-mounted. Opts: (null)
[   10.723373] Loading iSCSI transport class v2.0-870.
[[0;32m  OK  [0m] Listening on udev Kernel Socket.
[   10.731709] iscsi: registered transport (tcp)
[[0;32m  OK  [0m] Created slice User and Session Slice.
[   10.750174] iscsi: registered transport (iser)
[[0;32m  OK  [0m] Reached target Slices.
         Starting Create list of required stâ€¦ce nodes for the current kernel...
[[0;32m  OK  [0m] Set up automount Arbitrary Executabâ€¦rmats File System Automount Point.
         Mounting POSIX Message Queue File System...
         Starting Uncomplicated firewall...
[[0;32m  OK  [0m] Listening on udev Control Socket.
         Starting udev Coldplug all Devices...
         Mounting Huge Pages File System...
[[0;32m  OK  [0m] Started Forward Password Requests to Wall Directory Watch.
[[0;32m  OK  [0m] Listening on Device-mapper event daemon FIFOs.
         Starting Monitoring of LVM2 mirrorsâ€¦ng dmeventd or progress polling...
[[0;32m  OK  [0m] Created slice system-serial\x2dgetty.slice.
[[0;32m  OK  [0m] Started Journal Service.
[[0;32m  OK  [0m] Mounted Kernel Debug File System.
[[0;32m  OK  [0m] Started Remount Root and Kernel File Systems.
[[0;32m  OK  [0m] Started Load Kernel Modules.
[[0;32m  OK  [0m] Started Create list of required staâ€¦vice nodes for the current kernel.
[[0;32m  OK  [0m] Mounted POSIX Message Queue File System.
[[0;32m  OK  [0m] Started Uncomplicated firewall.
[[0;32m  OK  [0m] Mounted Huge Pages File System.
         Starting Create Static Device Nodes in /dev...
         Mounting Kernel Configuration File System...
         Starting Apply Kernel Variables...
         Mounting FUSE Control File System...
         Starting Load/Save Random Seed...
         Starting Flush Journal to Persistent Storage...
[[0;32m  OK  [0m] Started udev Coldplug all Devices.
[[0;32m  OK  [0m] Mounted Kernel Configuration File System.
[[0;32m  OK  [0m] Mounted FUSE Control File System.
[[0;32m  OK  [0m] Started LVM2 metadata daemon.
[[0;32m  OK  [0m] Started Create Static Device Nodes in /dev.
         Starting udev Kernel Device Manager...
[[0;32m  OK  [0m] Started Load/Save Random Seed.
[[0;32m  OK  [0m] Started udev Kernel Device Manager.
[[0;32m  OK  [0m] Started Apply Kernel Variables.
[[0;32m  OK  [0m] Started Monitoring of LVM2 mirrors,â€¦sing dmeventd or progress polling.
[[0;32m  OK  [0m] Started Flush Journal to Persistent Storage.
[[0;32m  OK  [0m] Found device /dev/ttyS0.
[[0;32m  OK  [0m] Listening on Load/Save RF Kill Switch Status /dev/rfkill Watch.
[[0;32m  OK  [0m] Started Set the console keyboard layout.
[[0;32m  OK  [0m] Reached target Local File Systems (Pre).
         Mounting /vagrant...
[[0;32m  OK  [0m] Reached target Local File Systems.
         Starting AppArmor initialization...
         Starting Tell Plymouth To Write Out Runtime Data...
         Starting ebtables ruleset management...
         Starting Set console font and keymap...
         Starting Create Volatile Files and Directories...
[[0;32m  OK  [0m] Started Dispatch Password Requests to Console Directory Watch.
[[0;32m  OK  [0m] Reached target Local Encrypted Volumes.
[[0;32m  OK  [0m] Mounted /vagrant.
[[0;32m  OK  [0m] Started Tell Plymouth To Write Out Runtime Data.
[[0;32m  OK  [0m] Started Set console font and keymap.
[[0;32m  OK  [0m] Started Create Volatile Files and Directories.
         Starting Update UTMP about System Boot/Shutdown...
[[0;32m  OK  [0m] Started Update UTMP about System Boot/Shutdown.
[[0;32m  OK  [0m] Started ebtables ruleset management.
[[0;32m  OK  [0m] Started AppArmor initialization.
         Starting Load AppArmor profiles managed internally by snapd...
         Starting Initial cloud-init job (pre-networking)...
[[0;32m  OK  [0m] Started Load AppArmor profiles managed internally by snapd.
[   13.012484] cloud-init[695]: Cloud-init v. 20.3-2-g371b392c-0ubuntu1~18.04.1 running 'init-local' at Mon, 04 Jan 2021 00:20:03 +0000. Up 12.79 seconds.
[[0;32m  OK  [0m] Started Initial cloud-init job (pre-networking).
[[0;32m  OK  [0m] Reached target Network (Pre).
         Starting Network Service...
[[0;32m  OK  [0m] Started Network Service.
         Starting Network Name Resolution...
         Starting Wait for Network to be Configured...
[[0;32m  OK  [0m] Started Network Name Resolution.
[[0;32m  OK  [0m] Reached target Network.
[[0;32m  OK  [0m] Reached target Host and Network Name Lookups.
[[0;32m  OK  [0m] Started Wait for Network to be Configured.
         Starting Initial cloud-init job (metadata service crawler)...
[   16.149280] cloud-init[812]: Cloud-init v. 20.3-2-g371b392c-0ubuntu1~18.04.1 running 'init' at Mon, 04 Jan 2021 00:20:06 +0000. Up 15.98 seconds.
[   16.151737] cloud-init[812]: ci-info: ++++++++++++++++++++++++++++++++++++++Net device info+++++++++++++++++++++++++++++++++++++++
[   16.153581] cloud-init[812]: ci-info: +--------+------+-----------------------------+---------------+--------+-------------------+
[   16.155676] cloud-init[812]: ci-info: | Device |  Up  |           Address           |      Mask     | Scope  |     Hw-Address    |
[   16.168505] cloud-init[812]: ci-info: +--------+------+-----------------------------+---------------+--------+-------------------+
[   16.169733] cloud-init[812]: ci-info: | enp0s3 | True |          10.0.2.15          | 255.255.255.0 | global | 02:60:71:1d:34:36 |
[   16.171312] cloud-init[812]: ci-info: | enp0s3 | True |  fe80::60:71ff:fe1d:3436/64 |       .       |  link  | 02:60:71:1d:34:36 |
[   16.173379] cloud-init[812]: ci-info: | enp0s8 | True |         10.10.10.20         | 255.255.255.0 | global | 08:00:27:0c:99:d1 |
[   16.175154] cloud-init[812]: ci-info: | enp0s8 | True | fe80::a00:27ff:fe0c:99d1/64 |       .       |  link  | 08:00:27:0c:99:d1 |
[   16.176597] cloud-init[812]: ci-info: |   lo   | True |          127.0.0.1          |   255.0.0.0   |  host  |         .         |
[   16.188615] cloud-init[812]: ci-info: |   lo   | True |           ::1/128           |       .       |  host  |         .         |
[   16.200203] cloud-init[812]: ci-info: +--------+------+-----------------------------+---------------+--------+-------------------+
[   16.202996] cloud-init[812]: ci-info: ++++++++++++++++++++++++++++Route IPv4 info+++++++++++++++++++++++++++++
[   16.205118] cloud-init[812]: ci-info: +-------+-------------+----------+-----------------+-----------+-------+
[   16.207404] cloud-init[812]: ci-info: | Route | Destination | Gateway  |     Genmask     | Interface | Flags |
[   16.209348] cloud-init[812]: ci-info: +-------+-------------+----------+-----------------+-----------+-------+
[   16.211421] cloud-init[812]: ci-info: |   0   |   0.0.0.0   | 10.0.2.2 |     0.0.0.0     |   enp0s3  |   UG  |
[   16.214175] cloud-init[812]: ci-info: |   1   |   10.0.2.0  | 0.0.0.0  |  255.255.255.0  |   enp0s3  |   U   |
[   16.216754] cloud-init[812]: ci-info: |   2   |   10.0.2.2  | 0.0.0.0  | 255.255.255.255 |   enp0s3  |   UH  |
[   16.218752] cloud-init[812]: ci-info: |   3   |  10.10.10.0 | 0.0.0.0  |  255.255.255.0  |   enp0s8  |   U   |
[   16.220909] cloud-init[812]: ci-info: +-------+-------------+----------+-----------------+-----------+-------+
[   16.224049] cloud-init[812]: ci-info: +++++++++++++++++++Route IPv6 info+++++++++++++++++++
[   16.226385] cloud-init[812]: ci-info: +-------+-------------+---------+-----------+-------+
[   16.228386] cloud-init[812]: ci-info: | Route | Destination | Gateway | Interface | Flags |
[   16.230696] cloud-init[812]: ci-info: +-------+-------------+---------+-----------+-------+
[   16.234675] cloud-init[812]: ci-info: |   1   |  fe80::/64  |    ::   |   enp0s8  |   U   |
[   16.236394] cloud-init[812]: ci-info: |   2   |  fe80::/64  |    ::   |   enp0s3  |   U   |
[   16.248266] cloud-init[812]: ci-info: |   4   |    local    |    ::   |   enp0s3  |   U   |
[   16.250231] cloud-init[812]: ci-info: |   5   |    local    |    ::   |   enp0s8  |   U   |
[   16.260218] cloud-init[812]: ci-info: |   6   |   ff00::/8  |    ::   |   enp0s8  |   U   |
[   16.261758] cloud-init[812]: ci-info: |   7   |   ff00::/8  |    ::   |   enp0s3  |   U   |
[   16.263637] cloud-init[812]: ci-info: +-------+-------------+---------+-----------+-------+
[[0;32m  OK  [0m] Started Initial cloud-init job (metadata service crawler).
[[0;32m  OK  [0m] Reached target System Initialization.
         Starting LXD - unix socket.
[[0;32m  OK  [0m] Started Message of the Day.
[[0;32m  OK  [0m] Started Discard unused blocks once a week.
         Starting Socket activation for snappy daemon.
[[0;32m  OK  [0m] Listening on ACPID Listen Socket.
         Starting Docker Socket for the API.
[[0;32m  OK  [0m] Listening on UUID daemon activation socket.
[[0;32m  OK  [0m] Listening on D-Bus System Message Bus Socket.
[[0;32m  OK  [0m] Started Daily apt download activities.
[[0;32m  OK  [0m] Started Daily apt upgrade and clean activities.
[[0;32m  OK  [0m] Listening on Open-iSCSI iscsid Socket.
[[0;32m  OK  [0m] Started ACPI Events Check.
[[0;32m  OK  [0m] Reached target Paths.
[[0;32m  OK  [0m] Started Daily Cleanup of Temporary Directories.
[[0;32m  OK  [0m] Reached target Timers.
[[0;32m  OK  [0m] Reached target Cloud-config availability.
[[0;32m  OK  [0m] Reached target Network is Online.
[[0;32m  OK  [0m] Reached target Remote File Systems (Pre).
[[0;32m  OK  [0m] Reached target Remote File Systems.
         Starting Availability of block devices...
[[0;32m  OK  [0m] Listening on LXD - unix socket.
[[0;32m  OK  [0m] Listening on Socket activation for snappy daemon.
[[0;32m  OK  [0m] Listening on Docker Socket for the API.
[[0;32m  OK  [0m] Started Availability of block devices.
[[0;32m  OK  [0m] Reached target Sockets.
[[0;32m  OK  [0m] Reached target Basic System.
[[0;32m  OK  [0m] Started Deferred execution scheduler.
         Starting LSB: automatic crash report generation...
[[0;32m  OK  [0m] Started Regular background program processing daemon.
         Starting Permit User Sessions...
         Starting Dispatcher daemon for systemd-networkd...
         Starting System Logging Service...
[[0;32m  OK  [0m] Started irqbalance daemon.
         Starting LSB: Record successful boot for GRUB...
[[0;32m  OK  [0m] Started FUSE filesystem for LXC.
         Starting Accounts Service...
         Starting Login Service...
         Starting Virtualbox guest utils...
[[0;32m  OK  [0m] Started D-Bus System Message Bus.
         Starting OpenBSD Secure Shell server...
         Starting containerd container runtime...
         Starting Snap Daemon...
         Starting LXD - container startup/shutdown...
[[0;32m  OK  [0m] Started System Logging Service.
[[0;32m  OK  [0m] Started Permit User Sessions.
[[0;32m  OK  [0m] Started Login Service.
         Starting Authorization Manager...
[[0;32m  OK  [0m] Started Unattended Upgrades Shutdown.
         Starting Hold until boot process finishes up...
         Starting Terminate Plymouth Boot Screen...
[[0;32m  OK  [0m] Started OpenBSD Secure Shell server.
[[0;32m  OK  [0m] Started Hold until boot process finishes up.
[[0;32m  OK  [0m] Started Terminate Plymouth Boot Screen.
         Starting Set console scheme...
[[0;32m  OK  [0m] Started Serial Getty on ttyS0.
[[0;32m  OK  [0m] Started Authorization Manager.
[[0;32m  OK  [0m] Started Accounts Service.
[[0;32m  OK  [0m] Started LSB: automatic crash report generation.
[[0;32m  OK  [0m] Started Set console scheme.
[[0;32m  OK  [0m] Created slice system-getty.slice.
[[0;32m  OK  [0m] Started Getty on tty1.
[[0;32m  OK  [0m] Reached target Login Prompts.
[[0;32m  OK  [0m] Started LSB: Record successful boot for GRUB.
[[0;32m  OK  [0m] Started Virtualbox guest utils.
[[0;32m  OK  [0m] Started LXD - container startup/shutdown.
[[0;32m  OK  [0m] Created slice User Slice of vagrant.
[[0;32m  OK  [0m] Started Dispatcher daemon for systemd-networkd.
[[0;32m  OK  [0m] Started Session 1 of user vagrant.
         Starting User Manager for UID 1000...
[[0;32m  OK  [0m] Started containerd container runtime.
         Starting Docker Application Container Engine...
[[0;32m  OK  [0m] Started User Manager for UID 1000.
[[0;32m  OK  [0m] Started Snap Daemon.
         Starting Wait until snapd is fully seeded...
[[0;32m  OK  [0m] Started Wait until snapd is fully seeded.
         Starting Apply the settings specified in cloud-config...
[   19.118115] cloud-init[1326]: Cloud-init v. 20.3-2-g371b392c-0ubuntu1~18.04.1 running 'modules:config' at Mon, 04 Jan 2021 00:20:09 +0000. Up 18.95 seconds.
[[0;32m  OK  [0m] Started Apply the settings specified in cloud-config.
[[0;32m  OK  [0m] Started Docker Application Container Engine.
[[0;32m  OK  [0m] Reached target Multi-User System.
         Starting Execute cloud user/final scripts...
[[0;32m  OK  [0m] Reached target Graphical Interface.
         Starting Update UTMP about System Runlevel Changes...
[[0;32m  OK  [0m] Started Update UTMP about System Runlevel Changes.
[   20.156282] cloud-init[1601]: Cloud-init v. 20.3-2-g371b392c-0ubuntu1~18.04.1 running 'modules:final' at Mon, 04 Jan 2021 00:20:10 +0000. Up 20.03 seconds.
[   20.170246] cloud-init[1601]: Cloud-init v. 20.3-2-g371b392c-0ubuntu1~18.04.1 finished at Mon, 04 Jan 2021 00:20:10 +0000. Datasource DataSourceNoCloud [seed=/dev/sdb][dsmode=net].  Up 20.14 seconds
[[0;32m  OK  [0m] Started Execute cloud user/final scripts.
[[0;32m  OK  [0m] Reached target Cloud-init target.

Ubuntu 18.04.5 LTS appserver ttyS0

appserver login: 