[    0.000000] Initializing cgroup subsys cpuset
[    0.000000] Initializing cgroup subsys cpu
[    0.000000] Initializing cgroup subsys cpuacct
[    0.000000] Linux version 4.4.0-197-generic (buildd@lcy01-amd64-026) (gcc version 5.4.0 20160609 (Ubuntu 5.4.0-6ubuntu1~16.04.12) ) #229-Ubuntu SMP Wed Nov 25 11:05:42 UTC 2020 (Ubuntu 4.4.0-197.229-generic 4.4.241)
[    0.000000] Command line: BOOT_IMAGE=/boot/vmlinuz-4.4.0-197-generic root=LABEL=cloudimg-rootfs ro console=tty1 console=ttyS0
[    0.000000] KERNEL supported cpus:
[    0.000000]   Intel GenuineIntel
[    0.000000]   AMD AuthenticAMD
[    0.000000]   Centaur CentaurHauls
[    0.000000] x86/fpu: xstate_offset[2]:  576, xstate_sizes[2]:  256
[    0.000000] x86/fpu: Supporting XSAVE feature 0x01: 'x87 floating point registers'
[    0.000000] x86/fpu: Supporting XSAVE feature 0x02: 'SSE registers'
[    0.000000] x86/fpu: Supporting XSAVE feature 0x04: 'AVX registers'
[    0.000000] x86/fpu: Enabled xstate features 0x7, context size is 832 bytes, using 'standard' format.
[    0.000000] e820: BIOS-provided physical RAM map:
[    0.000000] BIOS-e820: [mem 0x0000000000000000-0x000000000009fbff] usable
[    0.000000] BIOS-e820: [mem 0x000000000009fc00-0x000000000009ffff] reserved
[    0.000000] BIOS-e820: [mem 0x00000000000f0000-0x00000000000fffff] reserved
[    0.000000] BIOS-e820: [mem 0x0000000000100000-0x00000000dffeffff] usable
[    0.000000] BIOS-e820: [mem 0x00000000dfff0000-0x00000000dfffffff] ACPI data
[    0.000000] BIOS-e820: [mem 0x00000000fec00000-0x00000000fec00fff] reserved
[    0.000000] BIOS-e820: [mem 0x00000000fee00000-0x00000000fee00fff] reserved
[    0.000000] BIOS-e820: [mem 0x00000000fffc0000-0x00000000ffffffff] reserved
[    0.000000] BIOS-e820: [mem 0x0000000100000000-0x000000011fffffff] usable
[    0.000000] NX (Execute Disable) protection: active
[    0.000000] SMBIOS 2.5 present.
[    0.000000] Hypervisor detected: KVM
[    0.000000] e820: last_pfn = 0x120000 max_arch_pfn = 0x400000000
[    0.000000] MTRR: Disabled
[    0.000000] x86/PAT: MTRRs disabled, skipping PAT initialization too.
[    0.000000] CPU MTRRs all blank - virtualized system.
[    0.000000] x86/PAT: Configuration [0-7]: WB  WT  UC- UC  WB  WT  UC- UC  
[    0.000000] e820: last_pfn = 0xdfff0 max_arch_pfn = 0x400000000
[    0.000000] found SMP MP-table at [mem 0x0009fff0-0x0009ffff] mapped at [ffff88000009fff0]
[    0.000000] Scanning 1 areas for low memory corruption
[    0.000000] RAMDISK: [mem 0x362de000-0x37166fff]
[    0.000000] ACPI: Early table checksum verification disabled
[    0.000000] ACPI: RSDP 0x00000000000E0000 000024 (v02 VBOX  )
[    0.000000] ACPI: XSDT 0x00000000DFFF0030 00003C (v01 VBOX   VBOXXSDT 00000001 ASL  00000061)
[    0.000000] ACPI: FACP 0x00000000DFFF00F0 0000F4 (v04 VBOX   VBOXFACP 00000001 ASL  00000061)
[    0.000000] ACPI: DSDT 0x00000000DFFF0470 002325 (v02 VBOX   VBOXBIOS 00000002 INTL 20120111)
[    0.000000] ACPI: FACS 0x00000000DFFF0200 000040
[    0.000000] ACPI: FACS 0x00000000DFFF0200 000040
[    0.000000] ACPI: APIC 0x00000000DFFF0240 00005C (v02 VBOX   VBOXAPIC 00000001 ASL  00000061)
[    0.000000] ACPI: SSDT 0x00000000DFFF02A0 0001CC (v01 VBOX   VBOXCPUT 00000002 INTL 20120111)
[    0.000000] No NUMA configuration found
[    0.000000] Faking a node at [mem 0x0000000000000000-0x000000011fffffff]
[    0.000000] NODE_DATA(0) allocated [mem 0x11fff7000-0x11fffbfff]
[    0.000000] kvm-clock: Using msrs 4b564d01 and 4b564d00
[    0.000000] kvm-clock: cpu 0, msr 1:1ffef001, primary cpu clock
[    0.000000] kvm-clock: using sched offset of 5921985738 cycles
[    0.000000] clocksource: kvm-clock: mask: 0xffffffffffffffff max_cycles: 0x1cd42e4dffb, max_idle_ns: 881590591483 ns
[    0.000000] Zone ranges:
[    0.000000]   DMA      [mem 0x0000000000001000-0x0000000000ffffff]
[    0.000000]   DMA32    [mem 0x0000000001000000-0x00000000ffffffff]
[    0.000000]   Normal   [mem 0x0000000100000000-0x000000011fffffff]
[    0.000000]   Device   empty
[    0.000000] Movable zone start for each node
[    0.000000] Early memory node ranges
[    0.000000]   node   0: [mem 0x0000000000001000-0x000000000009efff]
[    0.000000]   node   0: [mem 0x0000000000100000-0x00000000dffeffff]
[    0.000000]   node   0: [mem 0x0000000100000000-0x000000011fffffff]
[    0.000000] Initmem setup node 0 [mem 0x0000000000001000-0x000000011fffffff]
[    0.000000] ACPI: PM-Timer IO Port: 0x4008
[    0.000000] IOAPIC[0]: apic_id 2, version 32, address 0xfec00000, GSI 0-23
[    0.000000] ACPI: INT_SRC_OVR (bus 0 bus_irq 0 global_irq 2 dfl dfl)
[    0.000000] ACPI: INT_SRC_OVR (bus 0 bus_irq 9 global_irq 9 low level)
[    0.000000] Using ACPI (MADT) for SMP configuration information
[    0.000000] smpboot: Allowing 2 CPUs, 0 hotplug CPUs
[    0.000000] PM: Registered nosave memory: [mem 0x00000000-0x00000fff]
[    0.000000] PM: Registered nosave memory: [mem 0x0009f000-0x0009ffff]
[    0.000000] PM: Registered nosave memory: [mem 0x000a0000-0x000effff]
[    0.000000] PM: Registered nosave memory: [mem 0x000f0000-0x000fffff]
[    0.000000] PM: Registered nosave memory: [mem 0xdfff0000-0xdfffffff]
[    0.000000] PM: Registered nosave memory: [mem 0xe0000000-0xfebfffff]
[    0.000000] PM: Registered nosave memory: [mem 0xfec00000-0xfec00fff]
[    0.000000] PM: Registered nosave memory: [mem 0xfec01000-0xfedfffff]
[    0.000000] PM: Registered nosave memory: [mem 0xfee00000-0xfee00fff]
[    0.000000] PM: Registered nosave memory: [mem 0xfee01000-0xfffbffff]
[    0.000000] PM: Registered nosave memory: [mem 0xfffc0000-0xffffffff]
[    0.000000] e820: [mem 0xe0000000-0xfebfffff] available for PCI devices
[    0.000000] Booting paravirtualized kernel on KVM
[    0.000000] clocksource: refined-jiffies: mask: 0xffffffff max_cycles: 0xffffffff, max_idle_ns: 7645519600211568 ns
[    0.000000] setup_percpu: NR_CPUS:512 nr_cpumask_bits:512 nr_cpu_ids:2 nr_node_ids:1
[    0.000000] PERCPU: Embedded 33 pages/cpu @ffff88011fc00000 s95512 r8192 d31464 u1048576
[    0.000000] Built 1 zonelists in Node order, mobility grouping on.  Total pages: 1032056
[    0.000000] Policy zone: Normal
[    0.000000] Kernel command line: BOOT_IMAGE=/boot/vmlinuz-4.4.0-197-generic root=LABEL=cloudimg-rootfs ro console=tty1 console=ttyS0
[    0.000000] PID hash table entries: 4096 (order: 3, 32768 bytes)
[    0.000000] Memory: 4028164K/4193848K available (8637K kernel code, 1347K rwdata, 4032K rodata, 1492K init, 1296K bss, 165684K reserved, 0K cma-reserved)
[    0.000000] SLUB: HWalign=64, Order=0-3, MinObjects=0, CPUs=2, Nodes=1
[    0.000000] Kernel/User page tables isolation: enabled
[    0.000000] Hierarchical RCU implementation.
[    0.000000] 	Build-time adjustment of leaf fanout to 64.
[    0.000000] 	RCU restricting CPUs from NR_CPUS=512 to nr_cpu_ids=2.
[    0.000000] RCU: Adjusting geometry for rcu_fanout_leaf=64, nr_cpu_ids=2
[    0.000000] NR_IRQS:33024 nr_irqs:440 16
[    0.000000] Console: colour VGA+ 80x25
[    0.000000] console [tty1] enabled
[    0.000000] console [ttyS0] enabled
[    0.000000] tsc: Detected 2904.000 MHz processor
[    0.250180] Calibrating delay loop (skipped) preset value.. 5808.00 BogoMIPS (lpj=11616000)
[    0.252262] pid_max: default: 32768 minimum: 301
[    0.253343] ACPI: Core revision 20150930
[    0.254996] ACPI: 2 ACPI AML tables successfully acquired and loaded
[    0.257107] Security Framework initialized
[    0.258086] Yama: becoming mindful.
[    0.258930] AppArmor: AppArmor initialized
[    0.261102] Dentry cache hash table entries: 524288 (order: 10, 4194304 bytes)
[    0.265186] Inode-cache hash table entries: 262144 (order: 9, 2097152 bytes)
[    0.267406] Mount-cache hash table entries: 8192 (order: 4, 65536 bytes)
[    0.268843] Mountpoint-cache hash table entries: 8192 (order: 4, 65536 bytes)
[    0.271553] Initializing cgroup subsys io
[    0.272523] Initializing cgroup subsys memory
[    0.273532] Initializing cgroup subsys devices
[    0.274527] Initializing cgroup subsys freezer
[    0.275524] Initializing cgroup subsys net_cls
[    0.276766] Initializing cgroup subsys perf_event
[    0.278094] Initializing cgroup subsys net_prio
[    0.279146] Initializing cgroup subsys hugetlb
[    0.280541] Initializing cgroup subsys pids
[    0.294287] mce: CPU supports 0 MCE banks
[    0.295931] Last level iTLB entries: 4KB 64, 2MB 8, 4MB 8
[    0.297282] Last level dTLB entries: 4KB 64, 2MB 0, 4MB 0, 1GB 4
[    0.298599] Spectre V1 : Mitigation: usercopy/swapgs barriers and __user pointer sanitization
[    0.300487] Spectre V2 : Mitigation: Full generic retpoline
[    0.302188] Spectre V2 : Spectre v2 / SpectreRSB mitigation: Filling RSB on context switch
[    0.304066] Speculative Store Bypass: Vulnerable
[    0.305762] SRBDS: Unknown: Dependent on hypervisor status
[    0.307099] MDS: Mitigation: Clear CPU buffers
[    0.310463] Freeing SMP alternatives memory: 36K
[    0.317396] ftrace: allocating 32346 entries in 127 pages
[    0.369759] smpboot: APIC(0) Converting physical 0 to logical package 0
[    0.372381] smpboot: Max logical packages: 1
[    0.373777] x2apic enabled
[    0.375060] Switched APIC routing to physical x2apic.
[    0.377260] ..TIMER: vector=0x30 apic1=0 pin1=2 apic2=-1 pin2=-1
[    0.486672] smpboot: CPU0: Intel(R) Core(TM) i7-7820HQ CPU @ 2.90GHz (family: 0x6, model: 0x9e, stepping: 0x9)
[    0.489830] Performance Events: unsupported p6 CPU model 158 no PMU driver, software events only.
[    0.501621] KVM setup paravirtual spinlock
[    0.503679] x86: Booting SMP configuration:
[    0.504765] .... node  #0, CPUs:      #1
[    0.505780] kvm-clock: cpu 1, msr 1:1ffef041, secondary cpu clock
[    0.518499] mce: CPU supports 0 MCE banks
[    0.521610] x86: Booted up 1 node, 2 CPUs
[    0.522713] smpboot: Total of 2 processors activated (11616.00 BogoMIPS)
[    0.524556] devtmpfs: initialized
[    0.527420] evm: security.selinux
[    0.528230] evm: security.SMACK64
[    0.529029] evm: security.SMACK64EXEC
[    0.529890] evm: security.SMACK64TRANSMUTE
[    0.531366] evm: security.SMACK64MMAP
[    0.532841] evm: security.ima
[    0.533601] evm: security.capability
[    0.534652] clocksource: jiffies: mask: 0xffffffff max_cycles: 0xffffffff, max_idle_ns: 7645041785100000 ns
[    0.537038] futex hash table entries: 512 (order: 3, 32768 bytes)
[    0.538456] pinctrl core: initialized pinctrl subsystem
[    0.539696] RTC time: 23:53:09, date: 01/03/21
[    0.541023] NET: Registered protocol family 16
[    0.550427] cpuidle: using governor ladder
[    0.562590] cpuidle: using governor menu
[    0.564017] PCCT header not found.
[    0.565073] ACPI: bus type PCI registered
[    0.566621] acpiphp: ACPI Hot Plug PCI Controller Driver version: 0.5
[    0.568171] PCI: Using configuration type 1 for base access
[    0.583027] ACPI: Added _OSI(Module Device)
[    0.584425] ACPI: Added _OSI(Processor Device)
[    0.585782] ACPI: Added _OSI(3.0 _SCP Extensions)
[    0.586920] ACPI: Added _OSI(Processor Aggregator Device)
[    0.588904] ACPI: Executed 1 blocks of module-level executable AML code
[    0.592431] ACPI: Interpreter enabled
[    0.593418] ACPI: (supports S0 S5)
[    0.594282] ACPI: Using IOAPIC for interrupt routing
[    0.595621] PCI: Using host bridge windows from ACPI; if necessary, use "pci=nocrs" and report a bug
[    0.602532] ACPI: PCI Root Bridge [PCI0] (domain 0000 [bus 00-ff])
[    0.604228] acpi PNP0A03:00: _OSC: OS supports [ASPM ClockPM Segments MSI]
[    0.605980] acpi PNP0A03:00: _OSC: not requesting OS control; OS requires [ExtendedConfig ASPM ClockPM MSI]
[    0.608537] acpi PNP0A03:00: fail to add MMCONFIG information, can't access extended PCI configuration space under this bridge.
[    0.619322] PCI host bridge to bus 0000:00
[    0.620774] pci_bus 0000:00: root bus resource [io  0x0000-0x0cf7 window]
[    0.622305] pci_bus 0000:00: root bus resource [io  0x0d00-0xffff window]
[    0.623738] pci_bus 0000:00: root bus resource [mem 0x000a0000-0x000bffff window]
[    0.625451] pci_bus 0000:00: root bus resource [mem 0xe0000000-0xfdffffff window]
[    0.627402] pci_bus 0000:00: root bus resource [bus 00-ff]
[    0.631159] pci 0000:00:01.1: legacy IDE quirk: reg 0x10: [io  0x01f0-0x01f7]
[    0.633223] pci 0000:00:01.1: legacy IDE quirk: reg 0x14: [io  0x03f6]
[    0.634711] pci 0000:00:01.1: legacy IDE quirk: reg 0x18: [io  0x0170-0x0177]
[    0.636300] pci 0000:00:01.1: legacy IDE quirk: reg 0x1c: [io  0x0376]
[    0.675139] pci 0000:00:07.0: quirk: [io  0x4000-0x403f] claimed by PIIX4 ACPI
[    0.679435] pci 0000:00:07.0: quirk: [io  0x4100-0x410f] claimed by PIIX4 SMB
[    0.705624] ACPI: PCI Interrupt Link [LNKA] (IRQs 5 9 10 *11)
[    0.720666] ACPI: PCI Interrupt Link [LNKB] (IRQs 5 9 *10 11)
[    0.722395] ACPI: PCI Interrupt Link [LNKC] (IRQs 5 *9 10 11)
[    0.724014] ACPI: PCI Interrupt Link [LNKD] (IRQs 5 9 10 *11)
[    0.725801] ACPI: Enabled 2 GPEs in block 00 to 07
[    0.727298] vgaarb: setting as boot device: PCI:0000:00:02.0
[    0.728536] vgaarb: device added: PCI:0000:00:02.0,decodes=io+mem,owns=io+mem,locks=none
[    0.730942] vgaarb: loaded
[    0.732155] vgaarb: bridge control possible 0000:00:02.0
[    0.733624] SCSI subsystem initialized
[    0.734732] ACPI: bus type USB registered
[    0.735742] usbcore: registered new interface driver usbfs
[    0.737220] usbcore: registered new interface driver hub
[    0.738626] usbcore: registered new device driver usb
[    0.739980] PCI: Using ACPI for IRQ routing
[    0.741347] NetLabel: Initializing
[    0.742191] NetLabel:  domain hash size = 128
[    0.743511] NetLabel:  protocols = UNLABELED CIPSOv4
[    0.744683] NetLabel:  unlabeled traffic allowed by default
[    0.749713] amd_nb: Cannot enumerate AMD northbridges
[    0.752379] clocksource: Switched to clocksource kvm-clock
[    0.771544] AppArmor: AppArmor Filesystem Enabled
[    0.773090] pnp: PnP ACPI init
[    0.775139] pnp: PnP ACPI: found 3 devices
[    0.785071] clocksource: acpi_pm: mask: 0xffffff max_cycles: 0xffffff, max_idle_ns: 2085701024 ns
[    0.787632] NET: Registered protocol family 2
[    0.788806] TCP established hash table entries: 32768 (order: 6, 262144 bytes)
[    0.790637] TCP bind hash table entries: 32768 (order: 7, 524288 bytes)
[    0.793498] TCP: Hash tables configured (established 32768 bind 32768)
[    0.796096] UDP hash table entries: 2048 (order: 4, 65536 bytes)
[    0.810633] UDP-Lite hash table entries: 2048 (order: 4, 65536 bytes)
[    0.812523] NET: Registered protocol family 1
[    0.813706] pci 0000:00:00.0: Limiting direct PCI/PCI transfers
[    0.815154] pci 0000:00:01.0: Activating ISA DMA hang workarounds
[    0.816686] Unpacking initramfs...
[    1.040599] Freeing initrd memory: 14884K
[    1.042270] PCI-DMA: Using software bounce buffering for IO (SWIOTLB)
[    1.044307] software IO TLB: mapped [mem 0xdbff0000-0xdfff0000] (64MB)
[    1.046070] clocksource: tsc: mask: 0xffffffffffffffff max_cycles: 0x29dc05e54fc, max_idle_ns: 440795291716 ns
[    1.048278] platform rtc_cmos: registered platform RTC device (no PNP device found)
[    1.050356] Scanning for low memory corruption every 60 seconds
[    1.052134] audit: initializing netlink subsys (disabled)
[    1.053427] audit: type=2000 audit(1609717997.443:1): initialized
[    1.055001] Initialise system trusted keyring
[    1.056275] HugeTLB registered 2 MB page size, pre-allocated 0 pages
[    1.058765] zbud: loaded
[    1.059766] VFS: Disk quotas dquot_6.6.0
[    1.060760] VFS: Dquot-cache hash table entries: 512 (order 0, 4096 bytes)
[    1.062469] squashfs: version 4.0 (2009/01/31) Phillip Lougher
[    1.063999] fuse init (API version 7.23)
[    1.065144] Key type big_key registered
[    1.066087] Allocating IMA MOK and blacklist keyrings.
[    1.068594] Key type asymmetric registered
[    1.069594] Asymmetric key parser 'x509' registered
[    1.071143] Block layer SCSI generic (bsg) driver version 0.4 loaded (major 249)
[    1.074136] io scheduler noop registered
[    1.075088] io scheduler deadline registered (default)
[    1.076313] io scheduler cfq registered
[    1.077341] pci_hotplug: PCI Hot Plug PCI Core version: 0.5
[    1.078597] pciehp: PCI Express Hot Plug Controller Driver version: 0.4
[    1.080412] ACPI: AC Adapter [AC] (on-line)
[    1.081832] input: Power Button as /devices/LNXSYSTM:00/LNXPWRBN:00/input/input0
[    1.083548] ACPI: Power Button [PWRF]
[    1.084528] input: Sleep Button as /devices/LNXSYSTM:00/LNXSLPBN:00/input/input1
[    1.086371] ACPI: Sleep Button [SLPF]
[    1.087463] GHES: HEST is not enabled!
[    1.088859] ACPI: Battery Slot [BAT0] (battery present)
[    1.091058] Serial: 8250/16550 driver, 32 ports, IRQ sharing enabled
[    1.113614] 00:02: ttyS0 at I/O 0x3f8 (irq = 4, base_baud = 115200) is a 16550A
[    1.118093] Linux agpgart interface v0.103
[    1.120860] loop: module loaded
[    1.122165] scsi host0: ata_piix
[    1.123066] scsi host1: ata_piix
[    1.123877] ata1: PATA max UDMA/33 cmd 0x1f0 ctl 0x3f6 bmdma 0xd000 irq 14
[    1.125386] ata2: PATA max UDMA/33 cmd 0x170 ctl 0x376 bmdma 0xd008 irq 15
[    1.127610] libphy: Fixed MDIO Bus: probed
[    1.128604] tun: Universal TUN/TAP device driver, 1.6
[    1.129797] tun: (C) 1999-2004 Max Krasnyansky <maxk@qualcomm.com>
[    1.131232] PPP generic driver version 2.4.2
[    1.132427] ehci_hcd: USB 2.0 'Enhanced' Host Controller (EHCI) Driver
[    1.133817] ehci-pci: EHCI PCI platform driver
[    1.134837] ehci-platform: EHCI generic platform driver
[    1.136186] ohci_hcd: USB 1.1 'Open' Host Controller (OHCI) Driver
[    1.137548] ohci-pci: OHCI PCI platform driver
[    1.138559] ohci-platform: OHCI generic platform driver
[    1.139706] uhci_hcd: USB Universal Host Controller Interface driver
[    1.141275] i8042: PNP: PS/2 Controller [PNP0303:PS2K,PNP0f03:PS2M] at 0x60,0x64 irq 1,12
[    1.144017] serio: i8042 KBD port at 0x60,0x64 irq 1
[    1.145800] serio: i8042 AUX port at 0x60,0x64 irq 12
[    1.147158] mousedev: PS/2 mouse device common for all mice
[    1.148812] input: AT Translated Set 2 keyboard as /devices/platform/i8042/serio0/input/input2
[    1.151760] rtc_cmos rtc_cmos: rtc core: registered rtc_cmos as rtc0
[    1.154214] rtc_cmos rtc_cmos: alarms up to one day, 114 bytes nvram
[    1.156005] i2c /dev entries driver
[    1.156926] device-mapper: uevent: version 1.0.3
[    1.158088] device-mapper: ioctl: 4.34.0-ioctl (2015-10-28) initialised: dm-devel@redhat.com
[    1.159999] ledtrig-cpu: registered to indicate activity on CPUs
[    1.162080] NET: Registered protocol family 10
[    1.163434] NET: Registered protocol family 17
[    1.164557] Key type dns_resolver registered
[    1.165938] registered taskstats version 1
[    1.167005] Loading compiled-in X.509 certificates
[    1.168650] Loaded X.509 cert 'Build time autogenerated kernel key: 34492021b4051d5295bb5f61ac4b8fe0de34ccb2'
[    1.170877] zswap: loaded using pool lzo/zbud
[    1.173807] Key type trusted registered
[    1.177902] Key type encrypted registered
[    1.178982] AppArmor: AppArmor sha1 policy hashing enabled
[    1.180179] ima: No TPM chip found, activating TPM-bypass!
[    1.181439] ima: Allocated hash algorithm: sha1
[    1.182667] evm: HMAC attrs: 0x1
[    1.183899]   Magic number: 5:972:907
[    1.184992] rtc_cmos rtc_cmos: setting system clock to 2021-01-03 23:53:10 UTC (1609717990)
[    1.187675] BIOS EDD facility v0.16 2004-Jun-25, 0 devices found
[    1.189254] EDD information not available.
[    1.304730] Freeing unused kernel memory: 1492K
[    1.306622] Write protecting the kernel read-only data: 14336k
[    1.308502] Freeing unused kernel memory: 1592K
[    1.309660] Freeing unused kernel memory: 64K
Loading, please wait...
starting version 229
[    1.323381] random: systemd-udevd: uninitialized urandom read (16 bytes read, 3 bits of entropy available)
[    1.323870] random: udevadm: uninitialized urandom read (16 bytes read, 3 bits of entropy available)
[    1.323895] random: udevadm: uninitialized urandom read (16 bytes read, 3 bits of entropy available)
[    1.330968] random: systemd-udevd: uninitialized urandom read (16 bytes read, 3 bits of entropy available)
[    1.331162] random: udevadm: uninitialized urandom read (16 bytes read, 3 bits of entropy available)
[    1.331206] random: udevadm: uninitialized urandom read (16 bytes read, 3 bits of entropy available)
[    1.331330] random: udevadm: uninitialized urandom read (16 bytes read, 3 bits of entropy available)
[    1.331380] random: udevadm: uninitialized urandom read (16 bytes read, 3 bits of entropy available)
[    1.331429] random: udevadm: uninitialized urandom read (16 bytes read, 3 bits of entropy available)
[    1.331479] random: udevadm: uninitialized urandom read (16 bytes read, 3 bits of entropy available)
[    1.385007] e1000: Intel(R) PRO/1000 Network Driver - version 7.3.21-k8-NAPI
[    1.386958] e1000: Copyright (c) 1999-2006 Intel Corporation.
[    1.388486] Fusion MPT base driver 3.04.20
[    1.389528] Copyright (c) 1999-2008 LSI Corporation
[    1.395871] Fusion MPT SPI Host driver 3.04.20
[    1.411354] AVX2 version of gcm_enc/dec engaged.
[    1.412869] AES CTR mode by8 optimization enabled
[    1.627313] input: ImExPS/2 Generic Explorer Mouse as /devices/platform/i8042/serio1/input/input4
[    2.066699] e1000 0000:00:03.0 eth0: (PCI:33MHz:32-bit) 02:8b:9b:7c:43:4a
[    2.068615] e1000 0000:00:03.0 eth0: Intel(R) PRO/1000 Network Connection
[    4.046752] e1000 0000:00:08.0 eth1: (PCI:33MHz:32-bit) 08:00:27:77:af:f4
[    4.048892] e1000 0000:00:08.0 eth1: Intel(R) PRO/1000 Network Connection
[    4.060261] mptbase: ioc0: Initiating bringup
[    4.061019] e1000 0000:00:08.0 enp0s8: renamed from eth1
[    4.073207] e1000 0000:00:03.0 enp0s3: renamed from eth0
[    4.133424] ioc0: LSI53C1030 A0: Capabilities={Initiator}
[    4.296191] scsi host2: ioc0: LSI53C1030 A0, FwRev=00000000h, Ports=1, MaxQ=256, IRQ=20
[    4.409453] scsi 2:0:0:0: Direct-Access     VBOX     HARDDISK         1.0  PQ: 0 ANSI: 5
[    4.413301] scsi target2:0:0: Beginning Domain Validation
[    4.416502] scsi target2:0:0: Domain Validation skipping write tests
[    4.418315] scsi target2:0:0: Ending Domain Validation
[    4.419885] scsi target2:0:0: asynchronous
[    4.422026] scsi 2:0:1:0: Direct-Access     VBOX     HARDDISK         1.0  PQ: 0 ANSI: 5
[    4.424387] scsi target2:0:1: Beginning Domain Validation
[    4.427574] scsi target2:0:1: Domain Validation skipping write tests
[    4.429508] scsi target2:0:1: Ending Domain Validation
[    4.430993] scsi target2:0:1: asynchronous
[    4.438594] sd 2:0:0:0: [sda] 20971520 512-byte logical blocks: (10.7 GB/10.0 GiB)
[    4.438896] sd 2:0:0:0: Attached scsi generic sg0 type 0
[    4.442478] sd 2:0:0:0: [sda] Write Protect is off
[    4.442892] sd 2:0:1:0: Attached scsi generic sg1 type 0
[    4.444461] sd 2:0:1:0: [sdb] 20480 512-byte logical blocks: (10.5 MB/10.0 MiB)
[    4.444687] sd 2:0:1:0: [sdb] Write Protect is off
[    4.444816] sd 2:0:1:0: [sdb] Incomplete mode parameter data
[    4.444817] sd 2:0:1:0: [sdb] Assuming drive cache: write through
[    4.446868] sd 2:0:1:0: [sdb] Attached SCSI disk
[    4.452303] sd 2:0:0:0: [sda] Incomplete mode parameter data
[    4.454232] sd 2:0:0:0: [sda] Assuming drive cache: write through
[    4.457845]  sda: sda1
[    4.459126] sd 2:0:0:0: [sda] Attached SCSI disk
Begin: Loading essential drivers ... [    5.742889] md: linear personality registered for level -1
[    5.747369] md: multipath personality registered for level -4
[    5.752206] md: raid0 personality registered for level 0
[    5.756687] md: raid1 personality registered for level 1
[    5.828665] raid6: sse2x1   gen() 11009 MB/s
[    5.896466] raid6: sse2x1   xor()  7009 MB/s
[    5.964573] raid6: sse2x2   gen() 13061 MB/s
[    6.032541] raid6: sse2x2   xor() 10322 MB/s
[    6.100386] raid6: sse2x4   gen() 15875 MB/s
[    6.168463] raid6: sse2x4   xor()  5729 MB/s
[    6.236607] raid6: avx2x1   gen() 18346 MB/s
[    6.304500] raid6: avx2x2   gen() 27325 MB/s
[    6.372395] raid6: avx2x4   gen() 28352 MB/s
[    6.373781] raid6: using algorithm avx2x4 gen() 28352 MB/s
[    6.375294] raid6: using avx2x2 recovery algorithm
[    6.377955] xor: automatically using best checksumming function:
[    6.416740]    avx       : 23444.000 MB/sec
[    6.419017] async_tx: api initialized (async)
[    6.429355] md: raid6 personality registered for level 6
[    6.431320] md: raid5 personality registered for level 5
[    6.432998] md: raid4 personality registered for level 4
[    6.440637] md: raid10 personality registered for level 10
done.
Begin: Running /scripts/init-premount ... done.
Begin: Mounting root file system ... Begin: Running /scripts/local-top ... done.
Begin: Running /scripts/local-premount ... [    6.469084] Btrfs loaded
Scanning for Btrfs filesystems
done.
Warning: fsck not present, so skipping root file system
[    6.503536] EXT4-fs (sda1): mounted filesystem with ordered data mode. Opts: (null)
done.
Begin: Running /scripts/local-bottom ... done.
Begin: Running /scripts/init-bottom ... done.
[    6.634597] systemd[1]: systemd 229 running in system mode. (+PAM +AUDIT +SELINUX +IMA +APPARMOR +SMACK +SYSVINIT +UTMP +LIBCRYPTSETUP +GCRYPT +GNUTLS +ACL +XZ -LZ4 +SECCOMP +BLKID +ELFUTILS +KMOD -IDN)
[    6.638937] systemd[1]: Detected virtualization oracle.
[    6.640096] systemd[1]: Detected architecture x86-64.

Welcome to [1mUbuntu 16.04.7 LTS[0m!

[    6.644948] systemd[1]: Set hostname to <appserver>.
[    7.211390] systemd[1]: Listening on /dev/initctl Compatibility Named Pipe.
[[0;32m  OK  [0m] Listening on /dev/initctl Compatibility Named Pipe.
[    7.214726] systemd[1]: Set up automount Arbitrary Executable File Formats File System Automount Point.
[[0;32m  OK  [0m] Set up automount Arbitrary Executab...ats File System Automount Point.
[    7.219046] systemd[1]: Listening on LVM2 metadata daemon socket.
[[0;32m  OK  [0m] Listening on LVM2 metadata daemon socket.
[    7.221626] systemd[1]: Reached target System Time Synchronized.
[[0;32m  OK  [0m] Reached target System Time Synchronized.
[    7.224643] systemd[1]: Listening on udev Control Socket.
[[0;32m  OK  [0m] Listening on udev Control Socket.
[    7.227173] systemd[1]: Listening on LVM2 poll daemon socket.
[[0;32m  OK  [0m] Listening on LVM2 poll daemon socket.
[    7.229663] systemd[1]: Listening on Journal Socket.
[[0;32m  OK  [0m] Listening on Journal Socket.
[    7.231909] systemd[1]: Started Forward Password Requests to Wall Directory Watch.
[[0;32m  OK  [0m] Started Forward Password Requests to Wall Directory Watch.
[    7.235384] systemd[1]: Created slice User and Session Slice.
[[0;32m  OK  [0m] Created slice User and Session Slice.
[    7.238342] systemd[1]: Reached target Encrypted Volumes.
[[0;32m  OK  [0m] Reached target Encrypted Volumes.
[    7.292945] systemd[1]: Started Trigger resolvconf update for networkd DNS.
[[0;32m  OK  [0m] Started Trigger resolvconf update for networkd DNS.
[    7.297152] systemd[1]: Created slice System Slice.
[[0;32m  OK  [0m] Created slice System Slice.
[    7.300037] systemd[1]: Created slice system-serial\x2dgetty.slice.
[[0;32m  OK  [0m] Created slice system-serial\x2dgetty.slice.
[    7.312983] systemd[1]: Starting Nameserver information manager...
         Starting Nameserver information manager...
[    7.325566] systemd[1]: Starting Create list of required static device nodes for the current kernel...
         Starting Create list of required st... nodes for the current kernel...
[    7.338025] systemd[1]: Mounting Debug File System...
         Mounting Debug File System...
[    7.341451] systemd[1]: Starting Remount Root and Kernel File Systems...
         Starting Remount Root and Kernel File Systems...
[    7.345407] systemd[1]: Starting Set console keymap...
[    7.346747] EXT4-fs (sda1): re-mounted. Opts: (null)
         Starting Set console keymap...
[    7.351350] systemd[1]: Starting Load Kernel Modules...
         Starting Load Kernel Modules...
[    7.355504] systemd[1]: Mounting Huge Pages File System...
         Mounting Huge Pages File System...
[    7.362518] Loading iSCSI transport class v2.0-870.
[    7.365106] systemd[1]: Reached target Swap.
[[0;32m  OK  [0m] Reached target Swap.
[    7.367270] systemd[1]: Listening on udev Kernel Socket.
[[0;32m  OK  [0m] Listening on udev Kernel Socket.
[    7.369769] systemd[1]: Listening on Syslog Socket.
[[0;32m  OK  [0m] Listening on Syslog Socket.
[    7.375819] iscsi: registered transport (tcp)
[    7.376977] systemd[1]: Starting Uncomplicated firewall...
         Starting Uncomplicated firewall...
[    7.385204] systemd[1]: Mounting POSIX Message Queue File System...
         Mounting POSIX Message Queue File System...
[    7.390788] systemd[1]: Listening on Journal Audit Socket.
[[0;32m  OK  [0m] Listening on Journal Audit Socket.
[    7.394112] systemd[1]: Listening on Journal Socket (/dev/log).
[[0;32m  OK  [0m] Listening on Journal Socket (/dev/log).
[    7.397266] systemd[1]: Starting Journal Service...
         Starting Journal Service...
[    7.404594] systemd[1]: Reached target User and Group Name Lookups.
[[0;32m  OK  [0m] Reached target User and Group Name Lookups.
[    7.408118] systemd[1]: Reached target Slices.
[[0;32m  OK  [0m] Reached target Slices.
[    7.416632] systemd[1]: Listening on Device-mapper event daemon FIFOs.
[    7.418398] iscsi: registered transport (iser)
[[0;32m  OK  [0m] Listening on Device-mapper event daemon FIFOs.
[    7.421625] systemd[1]: Starting Monitoring of LVM2 mirrors, snapshots etc. using dmeventd or progress polling...
         Starting Monitoring of LVM2 mirrors... dmeventd or progress polling...
[    7.427662] systemd[1]: Mounted POSIX Message Queue File System.
[[0;32m  OK  [0m] Mounted POSIX Message Queue File System.
[    7.430407] systemd[1]: Mounted Debug File System.
[[0;32m  OK  [0m] Mounted Debug File System.
[    7.432585] systemd[1]: Mounted Huge Pages File System.
[[0;32m  OK  [0m] Mounted Huge Pages File System.
[    7.436668] systemd[1]: Started Create list of required static device nodes for the current kernel.
[[0;32m  OK  [0m] Started Create list of required sta...ce nodes for the current kernel.
[    7.444731] systemd[1]: Started Remount Root and Kernel File Systems.
[[0;32m  OK  [0m] Started Remount Root and Kernel File Systems.
[    7.457125] systemd[1]: Started Set console keymap.
[[0;32m  OK  [0m] Started Set console keymap.
[    7.459617] systemd[1]: Started Load Kernel Modules.
[[0;32m  OK  [0m] Started Load Kernel Modules.
[    7.469219] systemd[1]: Started Uncomplicated firewall.
[[0;32m  OK  [0m] Started Uncomplicated firewall.
[    7.484690] systemd[1]: Started Nameserver information manager.
[[0;32m  OK  [0m] Started Nameserver information manager.
[    7.489590] systemd[1]: Started Journal Service.
[[0;32m  OK  [0m] Started Journal Service.
[[0;32m  OK  [0m] Started LVM2 metadata daemon.
         Starting Apply Kernel Variables...
         Mounting FUSE Control File System...
         Starting udev Coldplug all Devices...
         Starting Flush Journal to Persistent Storage...
         Starting Load/Save Random Seed...
         Starting Create Static Device Nodes in /dev...
[[0;32m  OK  [0m] Mounted FUSE Control File System.
[[0;32m  OK  [0m] Started Apply Kernel Variables.
[[0;32m  OK  [0m] Started Flush Journal to Persistent Storage.
[[0;32m  OK  [0m] Started Load/Save Random Seed.
[[0;32m  OK  [0m] Started Create Static Device Nodes in /dev.
         Starting udev Kernel Device Manager...
[[0;32m  OK  [0m] Started udev Coldplug all Devices.
[[0;32m  OK  [0m] Started udev Kernel Device Manager.
[[0;32m  OK  [0m] Started Dispatch Password Requests to Console Directory Watch.
[[0;32m  OK  [0m] Found device /dev/ttyS0.
[[0;32m  OK  [0m] Listening on Load/Save RF Kill Switch Status /dev/rfkill Watch.
[[0;32m  OK  [0m] Found device 82540EM Gigabit Ethern...r (PRO/1000 MT Desktop Adapter).
[[0;32m  OK  [0m] Started Monitoring of LVM2 mirrors,...ng dmeventd or progress polling.
[[0;32m  OK  [0m] Reached target Local File Systems (Pre).
[[0;32m  OK  [0m] Reached target Local File Systems.
         Starting Create Volatile Files and Directories...
         Starting Set console font and keymap...
         Starting LSB: AppArmor initialization...
         Starting Initial cloud-init job (pre-networking)...
         Starting Tell Plymouth To Write Out Runtime Data...
         Mounting /vagrant...
[[0;32m  OK  [0m] Started Create Volatile Files and Directories.
[[0;32m  OK  [0m] Started Tell Plymouth To Write Out Runtime Data.
[[0;1;31mFAILED[0m] Failed to mount /vagrant.
See 'systemctl status vagrant.mount' for details.
         Starting Update UTMP about System Boot/Shutdown...
[[0;32m  OK  [0m] Started Update UTMP about System Boot/Shutdown.
[[0;32m  OK  [0m] Found device 82540EM Gigabit Ethern...r (PRO/1000 MT Desktop Adapter).
[[0;32m  OK  [0m] Started LSB: AppArmor initialization.
         Starting Load AppArmor profiles managed internally by snapd...
[[0;32m  OK  [0m] Started Load AppArmor profiles managed internally by snapd.
[[0;32m  OK  [0m] Started Set console font and keymap.
[[0;32m  OK  [0m] Created slice system-getty.slice.
[    9.381320] cloud-init[648]: Cloud-init v. 20.3-2-g371b392c-0ubuntu1~16.04.1 running 'init-local' at Sun, 03 Jan 2021 23:53:18 +0000. Up 8.90 seconds.
[[0;32m  OK  [0m] Started Initial cloud-init job (pre-networking).
[[0;32m  OK  [0m] Reached target Network (Pre).
[[0;32m  OK  [0m] Started ifup for enp0s8.
[[0;32m  OK  [0m] Started ifup for enp0s3.
         Starting Raise network interfaces...
[[0;32m  OK  [0m] Started Raise network interfaces.
         Starting Initial cloud-init job (metadata service crawler)...
[[0;32m  OK  [0m] Reached target Network.
[   10.523127] cloud-init[1085]: Cloud-init v. 20.3-2-g371b392c-0ubuntu1~16.04.1 running 'init' at Sun, 03 Jan 2021 23:53:19 +0000. Up 10.29 seconds.
[   10.532494] cloud-init[1085]: ci-info: ++++++++++++++++++++++++++++++++++++++Net device info+++++++++++++++++++++++++++++++++++++++
[   10.540483] cloud-init[1085]: ci-info: +--------+------+-----------------------------+---------------+--------+-------------------+
[   10.542231] cloud-init[1085]: ci-info: | Device |  Up  |           Address           |      Mask     | Scope  |     Hw-Address    |
[   10.543812] cloud-init[1085]: ci-info: +--------+------+-----------------------------+---------------+--------+-------------------+
[   10.552380] cloud-init[1085]: ci-info: | enp0s3 | True |          10.0.2.15          | 255.255.255.0 | global | 02:8b:9b:7c:43:4a |
[   10.554522] cloud-init[1085]: ci-info: | enp0s3 | True |  fe80::8b:9bff:fe7c:434a/64 |       .       |  link  | 02:8b:9b:7c:43:4a |
[   10.556178] cloud-init[1085]: ci-info: | enp0s8 | True |         10.10.10.20         | 255.255.255.0 | global | 08:00:27:77:af:f4 |
[   10.565062] cloud-init[1085]: ci-info: | enp0s8 | True | fe80::a00:27ff:fe77:aff4/64 |       .       |  link  | 08:00:27:77:af:f4 |
[   10.572760] cloud-init[1085]: ci-info: |   lo   | True |          127.0.0.1          |   255.0.0.0   |  host  |         .         |
[   10.575908] cloud-init[1085]: ci-info: |   lo   | True |           ::1/128           |       .       |  host  |         .         |
[   10.579510] cloud-init[1085]: ci-info: +--------+------+-----------------------------+---------------+--------+-------------------+
[   10.582889] cloud-init[1085]: ci-info: +++++++++++++++++++++++++++Route IPv4 info++++++++++++++++++++++++++++
[   10.586028] cloud-init[1085]: ci-info: +-------+-------------+----------+---------------+-----------+-------+
[   10.589572] cloud-init[1085]: ci-info: | Route | Destination | Gateway  |    Genmask    | Interface | Flags |
[   10.592141] cloud-init[1085]: ci-info: +-------+-------------+----------+---------------+-----------+-------+
[   10.593959] cloud-init[1085]: ci-info: |   0   |   0.0.0.0   | 10.0.2.2 |    0.0.0.0    |   enp0s3  |   UG  |
[   10.596255] cloud-init[1085]: ci-info: |   1   |   10.0.2.0  | 0.0.0.0  | 255.255.255.0 |   enp0s3  |   U   |
[   10.604520] cloud-init[1085]: ci-info: |   2   |  10.10.10.0 | 0.0.0.0  | 255.255.255.0 |   enp0s8  |   U   |
[[0;32m  OK  [0m] Started Initial cloud-init job (metadata service crawler).
[   10.604737] cloud-init[1085]: ci-info: +-------+-------------+----------+---------------+-----------+-------+
[   10.613975] cloud-init[1085]: ci-info: +++++++++++++++++++Route IPv6 info+++++++++++++++++++
[   10.614244] cloud-init[1085]: ci-info: +-------+-------------+---------+-----------+-------+
[[0;32m  OK  [0m] Reached target System Initialization.
[   10.614495] cloud-init[1085]: ci-info: | Route | Destination | Gateway | Interface | Flags |
         [   10.619302] cloud-init[1085]: ci-info: +-------+-------------+---------+-----------+-------+
[   10.619668] cloud-init[1085]: ci-info: |   0   |  fe80::/64  |    ::   |   enp0s8  |   U   |
[   10.621282] cloud-init[1085]: ci-info: |   1   |  fe80::/64  |    ::   |   enp0s3  |   U   |
[   10.622402] cloud-init[1085]: ci-info: |   4   |   ff00::/8  |    ::   |   enp0s8  |   U   |
Starting Socket activation for snappy daemon.
[   10.622931] cloud-init[1085]: ci-info: |   5   |   ff00::/8  |    ::   |   enp0s3  |   U   |
[   10.628459] cloud-init[1085]: ci-info: +-------+-------------+---------+-----------+-------+
[[0;32m  OK  [0m] Started Daily apt download activities.
         Starting LXD - unix socket.
[[0;32m  OK  [0m] Started Daily Cleanup of Temporary Directories.
[[0;32m  OK  [0m] Started Daily apt upgrade and clean activities.
[[0;32m  OK  [0m] Listening on ACPID Listen Socket.
[[0;32m  OK  [0m] Started Message of the Day.
[[0;32m  OK  [0m] Listening on D-Bus System Message Bus Socket.
[[0;32m  OK  [0m] Reached target Timers.
[[0;32m  OK  [0m] Started ACPI Events Check.
[[0;32m  OK  [0m] Reached target Paths.
         Starting Docker Socket for the API.
[[0;32m  OK  [0m] Listening on UUID daemon activation socket.
[[0;32m  OK  [0m] Reached target Network is Online.
         Starting iSCSI initiator daemon (iscsid)...
[[0;32m  OK  [0m] Reached target Cloud-config availability.
[[0;32m  OK  [0m] Listening on Socket activation for snappy daemon.
[[0;32m  OK  [0m] Listening on LXD - unix socket.
[[0;32m  OK  [0m] Listening on Docker Socket for the API.
[[0;32m  OK  [0m] Reached target Sockets.
[[0;32m  OK  [0m] Reached target Basic System.
         Starting containerd container runtime...
         Starting LXD - container startup/shutdown...
         Starting Login Service...
         Starting System Logging Service...
         Starting Virtualbox guest utils...
[[0;32m  OK  [0m] Started Regular background program processing daemon.
         Starting LSB: Record successful boot for GRUB...
         Starting LSB: MD monitoring daemon...
[[0;32m  OK  [0m] Started D-Bus System Message Bus.
         Starting Accounts Service...
[[0;32m  OK  [0m] Started Deferred execution scheduler.
[[0;32m  OK  [0m] Started ACPI event daemon.
         Starting /etc/rc.local Compatibility...
[[0;32m  OK  [0m] Started FUSE filesystem for LXC.
         Starting OpenBSD Secure Shell server...
         Starting Snap Daemon...
[[0;32m  OK  [0m] Started System Logging Service.
[[0;32m  OK  [0m] Started iSCSI initiator daemon (iscsid).
[[0;32m  OK  [0m] Started /etc/rc.local Compatibility.
[[0;32m  OK  [0m] Started LXD - container startup/shutdown.
[[0;32m  OK  [0m] Started OpenBSD Secure Shell server.
[[0;32m  OK  [0m] Started Login Service.
[[0;32m  OK  [0m] Started Unattended Upgrades Shutdown.
         Starting Authenticate and Authorize Users to Run Privileged Tasks...
         Starting Login to default iSCSI targets...
[[0;32m  OK  [0m] Started LSB: MD monitoring daemon.
[[0;32m  OK  [0m] Started Login to default iSCSI targets.
[[0;32m  OK  [0m] Reached target Remote File Systems (Pre).
[[0;32m  OK  [0m] Reached target Remote File Systems.
         Starting LSB: daemon to balance interrupts for SMP systems...
         Starting Permit User Sessions...
         Starting LSB: automatic crash report generation...
         Starting LSB: Set the CPU Frequency Scaling governor to "ondemand"...
[[0;32m  OK  [0m] Started Permit User Sessions.
         Starting Hold until boot process finishes up...
         Starting Terminate Plymouth Boot Screen...
[[0;32m  OK  [0m] Started Hold until boot process finishes up.
[[0;32m  OK  [0m] Started LSB: Record successful boot for GRUB.
         Starting Set console scheme...
[[0;32m  OK  [0m] Started Getty on tty1.
[[0;32m  OK  [0m] Started Serial Getty on ttyS0.
[[0;32m  OK  [0m] Reached target Login Prompts.
[[0;32m  OK  [0m] Started Terminate Plymouth Boot Screen.
[[0;32m  OK  [0m] Started Set console scheme.
[[0;32m  OK  [0m] Started Authenticate and Authorize Users to Run Privileged Tasks.
[[0;32m  OK  [0m] Started Accounts Service.
[[0;32m  OK  [0m] Started LSB: Set the CPU Frequency Scaling governor to "ondemand".
[[0;32m  OK  [0m] Started LSB: daemon to balance interrupts for SMP systems.
[[0;32m  OK  [0m] Started LSB: automatic crash report generation.
[[0;32m  OK  [0m] Started Virtualbox guest utils.
[[0;32m  OK  [0m] Started Snap Daemon.
         Starting Wait until snapd is fully seeded...
[[0;32m  OK  [0m] Started Wait until snapd is fully seeded.
         Starting Apply the settings specified in cloud-config...
[[0;32m  OK  [0m] Started containerd container runtime.
         Starting Docker Application Container Engine...
[   12.115103] cloud-init[1360]: Cloud-init v. 20.3-2-g371b392c-0ubuntu1~16.04.1 running 'modules:config' at Sun, 03 Jan 2021 23:53:21 +0000. Up 11.90 seconds.
[[0;32m  OK  [0m] Started Apply the settings specified in cloud-config.
[[0;32m  OK  [0m] Started Docker Application Container Engine.
[[0;32m  OK  [0m] Reached target Multi-User System.
[[0;32m  OK  [0m] Reached target Graphical Interface.
         Starting Execute cloud user/final scripts...
         Starting Update UTMP about System Runlevel Changes...
[[0;32m  OK  [0m] Started Update UTMP about System Runlevel Changes.
[   13.088764] cloud-init[1562]: Cloud-init v. 20.3-2-g371b392c-0ubuntu1~16.04.1 running 'modules:final' at Sun, 03 Jan 2021 23:53:22 +0000. Up 12.97 seconds.
[   13.096813] cloud-init[1562]: Cloud-init v. 20.3-2-g371b392c-0ubuntu1~16.04.1 finished at Sun, 03 Jan 2021 23:53:22 +0000. Datasource DataSourceNoCloud [seed=/dev/sdb][dsmode=net].  Up 13.08 seconds
[[0;32m  OK  [0m] Started Execute cloud user/final scripts.
[[0;32m  OK  [0m] Reached target Cloud-init target.

Ubuntu 16.04.7 LTS appserver ttyS0

appserver login: 